
*** Running vivado
    with args -log FSM_Master.vds -m64 -product Vivado -mode batch -messageDb vivado.pb -notrace -source FSM_Master.tcl



****** Vivado v2025.1 (64-bit)
  **** SW Build 6140274 on Thu May 22 00:12:29 MDT 2025
  **** IP Build 6138677 on Thu May 22 03:10:11 MDT 2025
  **** SharedData Build 6139179 on Tue May 20 17:58:58 MDT 2025
  **** Start of session at: Tue Dec 16 17:50:09 2025
    ** Copyright 1986-2022 Xilinx, Inc. All Rights Reserved.
    ** Copyright 2022-2025 Advanced Micro Devices, Inc. All Rights Reserved.

source FSM_Master.tcl -notrace
Command: read_checkpoint -auto_incremental -incremental E:/uni/SED/trabajo/Trabajo-VHDL/RGB_PWM_Ctrol/RGB_PWM_Ctrol.srcs/utils_1/imports/synth_1/top.dcp
INFO: [Vivado 12-5825] Read reference checkpoint from E:/uni/SED/trabajo/Trabajo-VHDL/RGB_PWM_Ctrol/RGB_PWM_Ctrol.srcs/utils_1/imports/synth_1/top.dcp for incremental synthesis
INFO: [Vivado 12-7989] Please ensure there are no constraint changes
Command: synth_design -top FSM_Master -part xc7a100tcsg324-1
Starting synth_design
Attempting to get a license for feature 'Synthesis' and/or device 'xc7a100t'
INFO: [Common 17-349] Got license for feature 'Synthesis' and/or device 'xc7a100t'
INFO: [Device 21-403] Loading part xc7a100tcsg324-1
INFO: [Synth 8-7079] Multithreading enabled for synth_design using a maximum of 2 processes.
INFO: [Synth 8-7078] Launching helper process for spawning children vivado processes
INFO: [Synth 8-7075] Helper process launched with PID 39344
---------------------------------------------------------------------------------
Starting RTL Elaboration : Time (s): cpu = 00:00:04 ; elapsed = 00:00:04 . Memory (MB): peak = 1196.617 ; gain = 492.590
---------------------------------------------------------------------------------
INFO: [Synth 8-638] synthesizing module 'FSM_Master' [E:/uni/SED/trabajo/Trabajo-VHDL/src/FSM_Master.vhd:66]
INFO: [Synth 8-226] default block is never used [E:/uni/SED/trabajo/Trabajo-VHDL/src/FSM_Master.vhd:172]
WARNING: [Synth 8-614] signal 'BTN_UP_CLEAN' is read in the process but is not in the sensitivity list [E:/uni/SED/trabajo/Trabajo-VHDL/src/FSM_Master.vhd:165]
WARNING: [Synth 8-614] signal 'BTN_DOWN_CLEAN' is read in the process but is not in the sensitivity list [E:/uni/SED/trabajo/Trabajo-VHDL/src/FSM_Master.vhd:165]
INFO: [Synth 8-256] done synthesizing module 'FSM_Master' (0#1) [E:/uni/SED/trabajo/Trabajo-VHDL/src/FSM_Master.vhd:66]
---------------------------------------------------------------------------------
Finished RTL Elaboration : Time (s): cpu = 00:00:05 ; elapsed = 00:00:05 . Memory (MB): peak = 1304.016 ; gain = 599.988
---------------------------------------------------------------------------------
---------------------------------------------------------------------------------
Start Handling Custom Attributes
---------------------------------------------------------------------------------
---------------------------------------------------------------------------------
Finished Handling Custom Attributes : Time (s): cpu = 00:00:05 ; elapsed = 00:00:05 . Memory (MB): peak = 1304.016 ; gain = 599.988
---------------------------------------------------------------------------------
---------------------------------------------------------------------------------
Finished RTL Optimization Phase 1 : Time (s): cpu = 00:00:05 ; elapsed = 00:00:05 . Memory (MB): peak = 1304.016 ; gain = 599.988
---------------------------------------------------------------------------------
Netlist sorting complete. Time (s): cpu = 00:00:00 ; elapsed = 00:00:00.001 . Memory (MB): peak = 1304.016 ; gain = 0.000
INFO: [Project 1-570] Preparing netlist for logic optimization

Processing XDC Constraints
Initializing timing engine
Parsing XDC File [E:/uni/SED/trabajo/Trabajo-VHDL/RGB_PWM_Ctrol/RGB_PWM_Ctrol.srcs/constrs_1/imports/Downloads/Nexys-A7-100T-Master.xdc]
WARNING: [Vivado 12-584] No ports matched 'sw[0]'. [E:/uni/SED/trabajo/Trabajo-VHDL/RGB_PWM_Ctrol/RGB_PWM_Ctrol.srcs/constrs_1/imports/Downloads/Nexys-A7-100T-Master.xdc:13]
CRITICAL WARNING: [Common 17-55] 'set_property' expects at least one object. [E:/uni/SED/trabajo/Trabajo-VHDL/RGB_PWM_Ctrol/RGB_PWM_Ctrol.srcs/constrs_1/imports/Downloads/Nexys-A7-100T-Master.xdc:13]
Resolution: If [get_<value>] was used to populate the object, check to make sure this command returns at least one valid object.
WARNING: [Vivado 12-584] No ports matched 'sw[1]'. [E:/uni/SED/trabajo/Trabajo-VHDL/RGB_PWM_Ctrol/RGB_PWM_Ctrol.srcs/constrs_1/imports/Downloads/Nexys-A7-100T-Master.xdc:14]
CRITICAL WARNING: [Common 17-55] 'set_property' expects at least one object. [E:/uni/SED/trabajo/Trabajo-VHDL/RGB_PWM_Ctrol/RGB_PWM_Ctrol.srcs/constrs_1/imports/Downloads/Nexys-A7-100T-Master.xdc:14]
Resolution: If [get_<value>] was used to populate the object, check to make sure this command returns at least one valid object.
WARNING: [Vivado 12-584] No ports matched 'LED[0]'. [E:/uni/SED/trabajo/Trabajo-VHDL/RGB_PWM_Ctrol/RGB_PWM_Ctrol.srcs/constrs_1/imports/Downloads/Nexys-A7-100T-Master.xdc:45]
CRITICAL WARNING: [Common 17-55] 'set_property' expects at least one object. [E:/uni/SED/trabajo/Trabajo-VHDL/RGB_PWM_Ctrol/RGB_PWM_Ctrol.srcs/constrs_1/imports/Downloads/Nexys-A7-100T-Master.xdc:45]
Resolution: If [get_<value>] was used to populate the object, check to make sure this command returns at least one valid object.
WARNING: [Vivado 12-584] No ports matched 'LED[1]'. [E:/uni/SED/trabajo/Trabajo-VHDL/RGB_PWM_Ctrol/RGB_PWM_Ctrol.srcs/constrs_1/imports/Downloads/Nexys-A7-100T-Master.xdc:46]
CRITICAL WARNING: [Common 17-55] 'set_property' expects at least one object. [E:/uni/SED/trabajo/Trabajo-VHDL/RGB_PWM_Ctrol/RGB_PWM_Ctrol.srcs/constrs_1/imports/Downloads/Nexys-A7-100T-Master.xdc:46]
Resolution: If [get_<value>] was used to populate the object, check to make sure this command returns at least one valid object.
WARNING: [Vivado 12-584] No ports matched 'LED[2]'. [E:/uni/SED/trabajo/Trabajo-VHDL/RGB_PWM_Ctrol/RGB_PWM_Ctrol.srcs/constrs_1/imports/Downloads/Nexys-A7-100T-Master.xdc:47]
CRITICAL WARNING: [Common 17-55] 'set_property' expects at least one object. [E:/uni/SED/trabajo/Trabajo-VHDL/RGB_PWM_Ctrol/RGB_PWM_Ctrol.srcs/constrs_1/imports/Downloads/Nexys-A7-100T-Master.xdc:47]
Resolution: If [get_<value>] was used to populate the object, check to make sure this command returns at least one valid object.
WARNING: [Vivado 12-584] No ports matched 'LED[3]'. [E:/uni/SED/trabajo/Trabajo-VHDL/RGB_PWM_Ctrol/RGB_PWM_Ctrol.srcs/constrs_1/imports/Downloads/Nexys-A7-100T-Master.xdc:48]
CRITICAL WARNING: [Common 17-55] 'set_property' expects at least one object. [E:/uni/SED/trabajo/Trabajo-VHDL/RGB_PWM_Ctrol/RGB_PWM_Ctrol.srcs/constrs_1/imports/Downloads/Nexys-A7-100T-Master.xdc:48]
Resolution: If [get_<value>] was used to populate the object, check to make sure this command returns at least one valid object.
WARNING: [Vivado 12-584] No ports matched 'seg[0]'. [E:/uni/SED/trabajo/Trabajo-VHDL/RGB_PWM_Ctrol/RGB_PWM_Ctrol.srcs/constrs_1/imports/Downloads/Nexys-A7-100T-Master.xdc:60]
CRITICAL WARNING: [Common 17-55] 'set_property' expects at least one object. [E:/uni/SED/trabajo/Trabajo-VHDL/RGB_PWM_Ctrol/RGB_PWM_Ctrol.srcs/constrs_1/imports/Downloads/Nexys-A7-100T-Master.xdc:60]
Resolution: If [get_<value>] was used to populate the object, check to make sure this command returns at least one valid object.
WARNING: [Vivado 12-584] No ports matched 'seg[1]'. [E:/uni/SED/trabajo/Trabajo-VHDL/RGB_PWM_Ctrol/RGB_PWM_Ctrol.srcs/constrs_1/imports/Downloads/Nexys-A7-100T-Master.xdc:61]
CRITICAL WARNING: [Common 17-55] 'set_property' expects at least one object. [E:/uni/SED/trabajo/Trabajo-VHDL/RGB_PWM_Ctrol/RGB_PWM_Ctrol.srcs/constrs_1/imports/Downloads/Nexys-A7-100T-Master.xdc:61]
Resolution: If [get_<value>] was used to populate the object, check to make sure this command returns at least one valid object.
WARNING: [Vivado 12-584] No ports matched 'seg[2]'. [E:/uni/SED/trabajo/Trabajo-VHDL/RGB_PWM_Ctrol/RGB_PWM_Ctrol.srcs/constrs_1/imports/Downloads/Nexys-A7-100T-Master.xdc:62]
CRITICAL WARNING: [Common 17-55] 'set_property' expects at least one object. [E:/uni/SED/trabajo/Trabajo-VHDL/RGB_PWM_Ctrol/RGB_PWM_Ctrol.srcs/constrs_1/imports/Downloads/Nexys-A7-100T-Master.xdc:62]
Resolution: If [get_<value>] was used to populate the object, check to make sure this command returns at least one valid object.
WARNING: [Vivado 12-584] No ports matched 'seg[3]'. [E:/uni/SED/trabajo/Trabajo-VHDL/RGB_PWM_Ctrol/RGB_PWM_Ctrol.srcs/constrs_1/imports/Downloads/Nexys-A7-100T-Master.xdc:63]
CRITICAL WARNING: [Common 17-55] 'set_property' expects at least one object. [E:/uni/SED/trabajo/Trabajo-VHDL/RGB_PWM_Ctrol/RGB_PWM_Ctrol.srcs/constrs_1/imports/Downloads/Nexys-A7-100T-Master.xdc:63]
Resolution: If [get_<value>] was used to populate the object, check to make sure this command returns at least one valid object.
WARNING: [Vivado 12-584] No ports matched 'seg[4]'. [E:/uni/SED/trabajo/Trabajo-VHDL/RGB_PWM_Ctrol/RGB_PWM_Ctrol.srcs/constrs_1/imports/Downloads/Nexys-A7-100T-Master.xdc:64]
CRITICAL WARNING: [Common 17-55] 'set_property' expects at least one object. [E:/uni/SED/trabajo/Trabajo-VHDL/RGB_PWM_Ctrol/RGB_PWM_Ctrol.srcs/constrs_1/imports/Downloads/Nexys-A7-100T-Master.xdc:64]
Resolution: If [get_<value>] was used to populate the object, check to make sure this command returns at least one valid object.
WARNING: [Vivado 12-584] No ports matched 'seg[5]'. [E:/uni/SED/trabajo/Trabajo-VHDL/RGB_PWM_Ctrol/RGB_PWM_Ctrol.srcs/constrs_1/imports/Downloads/Nexys-A7-100T-Master.xdc:65]
CRITICAL WARNING: [Common 17-55] 'set_property' expects at least one object. [E:/uni/SED/trabajo/Trabajo-VHDL/RGB_PWM_Ctrol/RGB_PWM_Ctrol.srcs/constrs_1/imports/Downloads/Nexys-A7-100T-Master.xdc:65]
Resolution: If [get_<value>] was used to populate the object, check to make sure this command returns at least one valid object.
WARNING: [Vivado 12-584] No ports matched 'seg[6]'. [E:/uni/SED/trabajo/Trabajo-VHDL/RGB_PWM_Ctrol/RGB_PWM_Ctrol.srcs/constrs_1/imports/Downloads/Nexys-A7-100T-Master.xdc:66]
CRITICAL WARNING: [Common 17-55] 'set_property' expects at least one object. [E:/uni/SED/trabajo/Trabajo-VHDL/RGB_PWM_Ctrol/RGB_PWM_Ctrol.srcs/constrs_1/imports/Downloads/Nexys-A7-100T-Master.xdc:66]
Resolution: If [get_<value>] was used to populate the object, check to make sure this command returns at least one valid object.
WARNING: [Vivado 12-584] No ports matched 'dp'. [E:/uni/SED/trabajo/Trabajo-VHDL/RGB_PWM_Ctrol/RGB_PWM_Ctrol.srcs/constrs_1/imports/Downloads/Nexys-A7-100T-Master.xdc:68]
CRITICAL WARNING: [Common 17-55] 'set_property' expects at least one object. [E:/uni/SED/trabajo/Trabajo-VHDL/RGB_PWM_Ctrol/RGB_PWM_Ctrol.srcs/constrs_1/imports/Downloads/Nexys-A7-100T-Master.xdc:68]
Resolution: If [get_<value>] was used to populate the object, check to make sure this command returns at least one valid object.
WARNING: [Vivado 12-584] No ports matched 'an[0]'. [E:/uni/SED/trabajo/Trabajo-VHDL/RGB_PWM_Ctrol/RGB_PWM_Ctrol.srcs/constrs_1/imports/Downloads/Nexys-A7-100T-Master.xdc:70]
CRITICAL WARNING: [Common 17-55] 'set_property' expects at least one object. [E:/uni/SED/trabajo/Trabajo-VHDL/RGB_PWM_Ctrol/RGB_PWM_Ctrol.srcs/constrs_1/imports/Downloads/Nexys-A7-100T-Master.xdc:70]
Resolution: If [get_<value>] was used to populate the object, check to make sure this command returns at least one valid object.
WARNING: [Vivado 12-584] No ports matched 'an[1]'. [E:/uni/SED/trabajo/Trabajo-VHDL/RGB_PWM_Ctrol/RGB_PWM_Ctrol.srcs/constrs_1/imports/Downloads/Nexys-A7-100T-Master.xdc:71]
CRITICAL WARNING: [Common 17-55] 'set_property' expects at least one object. [E:/uni/SED/trabajo/Trabajo-VHDL/RGB_PWM_Ctrol/RGB_PWM_Ctrol.srcs/constrs_1/imports/Downloads/Nexys-A7-100T-Master.xdc:71]
Resolution: If [get_<value>] was used to populate the object, check to make sure this command returns at least one valid object.
WARNING: [Vivado 12-584] No ports matched 'an[2]'. [E:/uni/SED/trabajo/Trabajo-VHDL/RGB_PWM_Ctrol/RGB_PWM_Ctrol.srcs/constrs_1/imports/Downloads/Nexys-A7-100T-Master.xdc:72]
CRITICAL WARNING: [Common 17-55] 'set_property' expects at least one object. [E:/uni/SED/trabajo/Trabajo-VHDL/RGB_PWM_Ctrol/RGB_PWM_Ctrol.srcs/constrs_1/imports/Downloads/Nexys-A7-100T-Master.xdc:72]
Resolution: If [get_<value>] was used to populate the object, check to make sure this command returns at least one valid object.
WARNING: [Vivado 12-584] No ports matched 'an[3]'. [E:/uni/SED/trabajo/Trabajo-VHDL/RGB_PWM_Ctrol/RGB_PWM_Ctrol.srcs/constrs_1/imports/Downloads/Nexys-A7-100T-Master.xdc:73]
CRITICAL WARNING: [Common 17-55] 'set_property' expects at least one object. [E:/uni/SED/trabajo/Trabajo-VHDL/RGB_PWM_Ctrol/RGB_PWM_Ctrol.srcs/constrs_1/imports/Downloads/Nexys-A7-100T-Master.xdc:73]
Resolution: If [get_<value>] was used to populate the object, check to make sure this command returns at least one valid object.
WARNING: [Vivado 12-584] No ports matched 'an[4]'. [E:/uni/SED/trabajo/Trabajo-VHDL/RGB_PWM_Ctrol/RGB_PWM_Ctrol.srcs/constrs_1/imports/Downloads/Nexys-A7-100T-Master.xdc:74]
CRITICAL WARNING: [Common 17-55] 'set_property' expects at least one object. [E:/uni/SED/trabajo/Trabajo-VHDL/RGB_PWM_Ctrol/RGB_PWM_Ctrol.srcs/constrs_1/imports/Downloads/Nexys-A7-100T-Master.xdc:74]
Resolution: If [get_<value>] was used to populate the object, check to make sure this command returns at least one valid object.
WARNING: [Vivado 12-584] No ports matched 'an[5]'. [E:/uni/SED/trabajo/Trabajo-VHDL/RGB_PWM_Ctrol/RGB_PWM_Ctrol.srcs/constrs_1/imports/Downloads/Nexys-A7-100T-Master.xdc:75]
CRITICAL WARNING: [Common 17-55] 'set_property' expects at least one object. [E:/uni/SED/trabajo/Trabajo-VHDL/RGB_PWM_Ctrol/RGB_PWM_Ctrol.srcs/constrs_1/imports/Downloads/Nexys-A7-100T-Master.xdc:75]
Resolution: If [get_<value>] was used to populate the object, check to make sure this command returns at least one valid object.
WARNING: [Vivado 12-584] No ports matched 'an[6]'. [E:/uni/SED/trabajo/Trabajo-VHDL/RGB_PWM_Ctrol/RGB_PWM_Ctrol.srcs/constrs_1/imports/Downloads/Nexys-A7-100T-Master.xdc:76]
CRITICAL WARNING: [Common 17-55] 'set_property' expects at least one object. [E:/uni/SED/trabajo/Trabajo-VHDL/RGB_PWM_Ctrol/RGB_PWM_Ctrol.srcs/constrs_1/imports/Downloads/Nexys-A7-100T-Master.xdc:76]
Resolution: If [get_<value>] was used to populate the object, check to make sure this command returns at least one valid object.
WARNING: [Vivado 12-584] No ports matched 'an[7]'. [E:/uni/SED/trabajo/Trabajo-VHDL/RGB_PWM_Ctrol/RGB_PWM_Ctrol.srcs/constrs_1/imports/Downloads/Nexys-A7-100T-Master.xdc:77]
CRITICAL WARNING: [Common 17-55] 'set_property' expects at least one object. [E:/uni/SED/trabajo/Trabajo-VHDL/RGB_PWM_Ctrol/RGB_PWM_Ctrol.srcs/constrs_1/imports/Downloads/Nexys-A7-100T-Master.xdc:77]
Resolution: If [get_<value>] was used to populate the object, check to make sure this command returns at least one valid object.
WARNING: [Vivado 12-584] No ports matched 'button'. [E:/uni/SED/trabajo/Trabajo-VHDL/RGB_PWM_Ctrol/RGB_PWM_Ctrol.srcs/constrs_1/imports/Downloads/Nexys-A7-100T-Master.xdc:85]
CRITICAL WARNING: [Common 17-55] 'set_property' expects at least one object. [E:/uni/SED/trabajo/Trabajo-VHDL/RGB_PWM_Ctrol/RGB_PWM_Ctrol.srcs/constrs_1/imports/Downloads/Nexys-A7-100T-Master.xdc:85]
Resolution: If [get_<value>] was used to populate the object, check to make sure this command returns at least one valid object.
WARNING: [Vivado 12-584] No ports matched 'RST'. [E:/uni/SED/trabajo/Trabajo-VHDL/RGB_PWM_Ctrol/RGB_PWM_Ctrol.srcs/constrs_1/imports/Downloads/Nexys-A7-100T-Master.xdc:88]
CRITICAL WARNING: [Common 17-55] 'set_property' expects at least one object. [E:/uni/SED/trabajo/Trabajo-VHDL/RGB_PWM_Ctrol/RGB_PWM_Ctrol.srcs/constrs_1/imports/Downloads/Nexys-A7-100T-Master.xdc:88]
Resolution: If [get_<value>] was used to populate the object, check to make sure this command returns at least one valid object.
WARNING: [Vivado 12-584] No ports matched 'vauxn3'. [E:/uni/SED/trabajo/Trabajo-VHDL/RGB_PWM_Ctrol/RGB_PWM_Ctrol.srcs/constrs_1/imports/Downloads/Nexys-A7-100T-Master.xdc:144]
CRITICAL WARNING: [Common 17-55] 'set_property' expects at least one object. [E:/uni/SED/trabajo/Trabajo-VHDL/RGB_PWM_Ctrol/RGB_PWM_Ctrol.srcs/constrs_1/imports/Downloads/Nexys-A7-100T-Master.xdc:144]
Resolution: If [get_<value>] was used to populate the object, check to make sure this command returns at least one valid object.
WARNING: [Vivado 12-584] No ports matched 'vauxp3'. [E:/uni/SED/trabajo/Trabajo-VHDL/RGB_PWM_Ctrol/RGB_PWM_Ctrol.srcs/constrs_1/imports/Downloads/Nexys-A7-100T-Master.xdc:145]
CRITICAL WARNING: [Common 17-55] 'set_property' expects at least one object. [E:/uni/SED/trabajo/Trabajo-VHDL/RGB_PWM_Ctrol/RGB_PWM_Ctrol.srcs/constrs_1/imports/Downloads/Nexys-A7-100T-Master.xdc:145]
Resolution: If [get_<value>] was used to populate the object, check to make sure this command returns at least one valid object.
WARNING: [Vivado 12-584] No ports matched 'vauxn10'. [E:/uni/SED/trabajo/Trabajo-VHDL/RGB_PWM_Ctrol/RGB_PWM_Ctrol.srcs/constrs_1/imports/Downloads/Nexys-A7-100T-Master.xdc:146]
CRITICAL WARNING: [Common 17-55] 'set_property' expects at least one object. [E:/uni/SED/trabajo/Trabajo-VHDL/RGB_PWM_Ctrol/RGB_PWM_Ctrol.srcs/constrs_1/imports/Downloads/Nexys-A7-100T-Master.xdc:146]
Resolution: If [get_<value>] was used to populate the object, check to make sure this command returns at least one valid object.
WARNING: [Vivado 12-584] No ports matched 'vauxp10'. [E:/uni/SED/trabajo/Trabajo-VHDL/RGB_PWM_Ctrol/RGB_PWM_Ctrol.srcs/constrs_1/imports/Downloads/Nexys-A7-100T-Master.xdc:147]
CRITICAL WARNING: [Common 17-55] 'set_property' expects at least one object. [E:/uni/SED/trabajo/Trabajo-VHDL/RGB_PWM_Ctrol/RGB_PWM_Ctrol.srcs/constrs_1/imports/Downloads/Nexys-A7-100T-Master.xdc:147]
Resolution: If [get_<value>] was used to populate the object, check to make sure this command returns at least one valid object.
WARNING: [Vivado 12-584] No ports matched 'vauxn2'. [E:/uni/SED/trabajo/Trabajo-VHDL/RGB_PWM_Ctrol/RGB_PWM_Ctrol.srcs/constrs_1/imports/Downloads/Nexys-A7-100T-Master.xdc:148]
CRITICAL WARNING: [Common 17-55] 'set_property' expects at least one object. [E:/uni/SED/trabajo/Trabajo-VHDL/RGB_PWM_Ctrol/RGB_PWM_Ctrol.srcs/constrs_1/imports/Downloads/Nexys-A7-100T-Master.xdc:148]
Resolution: If [get_<value>] was used to populate the object, check to make sure this command returns at least one valid object.
WARNING: [Vivado 12-584] No ports matched 'vauxp2'. [E:/uni/SED/trabajo/Trabajo-VHDL/RGB_PWM_Ctrol/RGB_PWM_Ctrol.srcs/constrs_1/imports/Downloads/Nexys-A7-100T-Master.xdc:149]
CRITICAL WARNING: [Common 17-55] 'set_property' expects at least one object. [E:/uni/SED/trabajo/Trabajo-VHDL/RGB_PWM_Ctrol/RGB_PWM_Ctrol.srcs/constrs_1/imports/Downloads/Nexys-A7-100T-Master.xdc:149]
Resolution: If [get_<value>] was used to populate the object, check to make sure this command returns at least one valid object.
WARNING: [Vivado 12-584] No ports matched 'vauxn11'. [E:/uni/SED/trabajo/Trabajo-VHDL/RGB_PWM_Ctrol/RGB_PWM_Ctrol.srcs/constrs_1/imports/Downloads/Nexys-A7-100T-Master.xdc:150]
CRITICAL WARNING: [Common 17-55] 'set_property' expects at least one object. [E:/uni/SED/trabajo/Trabajo-VHDL/RGB_PWM_Ctrol/RGB_PWM_Ctrol.srcs/constrs_1/imports/Downloads/Nexys-A7-100T-Master.xdc:150]
Resolution: If [get_<value>] was used to populate the object, check to make sure this command returns at least one valid object.
WARNING: [Vivado 12-584] No ports matched 'vauxp11'. [E:/uni/SED/trabajo/Trabajo-VHDL/RGB_PWM_Ctrol/RGB_PWM_Ctrol.srcs/constrs_1/imports/Downloads/Nexys-A7-100T-Master.xdc:151]
CRITICAL WARNING: [Common 17-55] 'set_property' expects at least one object. [E:/uni/SED/trabajo/Trabajo-VHDL/RGB_PWM_Ctrol/RGB_PWM_Ctrol.srcs/constrs_1/imports/Downloads/Nexys-A7-100T-Master.xdc:151]
Resolution: If [get_<value>] was used to populate the object, check to make sure this command returns at least one valid object.
Finished Parsing XDC File [E:/uni/SED/trabajo/Trabajo-VHDL/RGB_PWM_Ctrol/RGB_PWM_Ctrol.srcs/constrs_1/imports/Downloads/Nexys-A7-100T-Master.xdc]
INFO: [Project 1-236] Implementation specific constraints were found while reading constraint file [E:/uni/SED/trabajo/Trabajo-VHDL/RGB_PWM_Ctrol/RGB_PWM_Ctrol.srcs/constrs_1/imports/Downloads/Nexys-A7-100T-Master.xdc]. These constraints will be ignored for synthesis but will be used in implementation. Impacted constraints are listed in the file [.Xil/FSM_Master_propImpl.xdc].
Resolution: To avoid this warning, move constraints listed in [.Xil/FSM_Master_propImpl.xdc] to another XDC file and exclude this new file from synthesis with the used_in_synthesis property (File Properties dialog in GUI) and re-run elaboration/synthesis.
Completed Processing XDC Constraints

Netlist sorting complete. Time (s): cpu = 00:00:00 ; elapsed = 00:00:00 . Memory (MB): peak = 1364.340 ; gain = 0.000
INFO: [Project 1-111] Unisim Transformation Summary:
No Unisim elements were transformed.

Constraint Validation Runtime : Time (s): cpu = 00:00:00 ; elapsed = 00:00:00.010 . Memory (MB): peak = 1364.340 ; gain = 0.000
---------------------------------------------------------------------------------
Finished Constraint Validation : Time (s): cpu = 00:00:11 ; elapsed = 00:00:11 . Memory (MB): peak = 1364.340 ; gain = 660.312
---------------------------------------------------------------------------------
---------------------------------------------------------------------------------
Start Loading Part and Timing Information
---------------------------------------------------------------------------------
Loading part: xc7a100tcsg324-1
---------------------------------------------------------------------------------
Finished Loading Part and Timing Information : Time (s): cpu = 00:00:11 ; elapsed = 00:00:11 . Memory (MB): peak = 1364.340 ; gain = 660.312
---------------------------------------------------------------------------------
---------------------------------------------------------------------------------
Start Applying 'set_property' XDC Constraints
---------------------------------------------------------------------------------
---------------------------------------------------------------------------------
Finished applying 'set_property' XDC Constraints : Time (s): cpu = 00:00:11 ; elapsed = 00:00:11 . Memory (MB): peak = 1364.340 ; gain = 660.312
---------------------------------------------------------------------------------
---------------------------------------------------------------------------------
Start Preparing Guide Design
---------------------------------------------------------------------------------
CRITICAL WARNING: [Synth 8-6895] The reference checkpoint E:/uni/SED/trabajo/Trabajo-VHDL/RGB_PWM_Ctrol/RGB_PWM_Ctrol.srcs/utils_1/imports/synth_1/top.dcp is not suitable for use with incremental synthesis for this design. Please regenerate the checkpoint for this design with -incremental_synth switch in the same Vivado session that synth_design has been run. Synthesis will continue with the default flow
---------------------------------------------------------------------------------
Finished Doing Graph Differ : Time (s): cpu = 00:00:11 ; elapsed = 00:00:12 . Memory (MB): peak = 1364.340 ; gain = 660.312
---------------------------------------------------------------------------------
---------------------------------------------------------------------------------
Finished Preparing Guide Design : Time (s): cpu = 00:00:11 ; elapsed = 00:00:12 . Memory (MB): peak = 1364.340 ; gain = 660.312
---------------------------------------------------------------------------------
INFO: [Synth 8-802] inferred FSM for state register 'current_state_reg' in module 'FSM_Master'
---------------------------------------------------------------------------------------------------
                   State |                     New Encoding |                Previous Encoding 
---------------------------------------------------------------------------------------------------
                  m_idle |                             0001 |                               00
          m_update_color |                             0010 |                               01
         m_trigger_timer |                             0100 |                               10
            m_wait_slave |                             1000 |                               11
---------------------------------------------------------------------------------------------------
INFO: [Synth 8-3354] encoded FSM with state register 'current_state_reg' using encoding 'one-hot' in module 'FSM_Master'
---------------------------------------------------------------------------------
Finished RTL Optimization Phase 2 : Time (s): cpu = 00:00:11 ; elapsed = 00:00:12 . Memory (MB): peak = 1364.340 ; gain = 660.312
---------------------------------------------------------------------------------


Incremental Synthesis Report Summary:

1. Incremental synthesis run: no

   Reason for not running incremental synthesis : 


INFO: [Synth 8-7130] Flow is switching to default flow due to incremental criteria not met. If you would like to alter this behaviour and have the flow terminate instead, please set the following parameter config_implementation {autoIncr.Synth.RejectBehavior Terminate}
---------------------------------------------------------------------------------
Start RTL Component Statistics 
---------------------------------------------------------------------------------
Detailed RTL Component Info : 
+---Adders : 
	   2 Input    8 Bit       Adders := 3     
+---Registers : 
	                8 Bit    Registers := 3     
+---Muxes : 
	   4 Input    4 Bit        Muxes := 1     
	   2 Input    4 Bit        Muxes := 1     
	   2 Input    2 Bit        Muxes := 3     
	   2 Input    1 Bit        Muxes := 6     
	   4 Input    1 Bit        Muxes := 1     
---------------------------------------------------------------------------------
Finished RTL Component Statistics 
---------------------------------------------------------------------------------
---------------------------------------------------------------------------------
Start Part Resource Summary
---------------------------------------------------------------------------------
Part Resources:
DSPs: 240 (col length:80)
BRAMs: 270 (col length: RAMB18 80 RAMB36 40)
---------------------------------------------------------------------------------
Finished Part Resource Summary
---------------------------------------------------------------------------------
---------------------------------------------------------------------------------
Start Cross Boundary and Area Optimization
---------------------------------------------------------------------------------
WARNING: [Synth 8-7080] Parallel synthesis criteria is not met
---------------------------------------------------------------------------------
Finished Cross Boundary and Area Optimization : Time (s): cpu = 00:00:13 ; elapsed = 00:00:13 . Memory (MB): peak = 1365.266 ; gain = 661.238
---------------------------------------------------------------------------------
---------------------------------------------------------------------------------
Start Applying XDC Timing Constraints
---------------------------------------------------------------------------------
---------------------------------------------------------------------------------
Finished Applying XDC Timing Constraints : Time (s): cpu = 00:00:17 ; elapsed = 00:00:18 . Memory (MB): peak = 1508.129 ; gain = 804.102
---------------------------------------------------------------------------------
---------------------------------------------------------------------------------
Start Timing Optimization
---------------------------------------------------------------------------------
---------------------------------------------------------------------------------
Finished Timing Optimization : Time (s): cpu = 00:00:17 ; elapsed = 00:00:18 . Memory (MB): peak = 1528.254 ; gain = 824.227
---------------------------------------------------------------------------------
---------------------------------------------------------------------------------
Start Technology Mapping
---------------------------------------------------------------------------------
---------------------------------------------------------------------------------
Finished Technology Mapping : Time (s): cpu = 00:00:17 ; elapsed = 00:00:18 . Memory (MB): peak = 1528.254 ; gain = 824.227
---------------------------------------------------------------------------------
---------------------------------------------------------------------------------
Start IO Insertion
---------------------------------------------------------------------------------
---------------------------------------------------------------------------------
Start Flattening Before IO Insertion
---------------------------------------------------------------------------------
---------------------------------------------------------------------------------
Finished Flattening Before IO Insertion
---------------------------------------------------------------------------------
---------------------------------------------------------------------------------
Start Final Netlist Cleanup
---------------------------------------------------------------------------------
---------------------------------------------------------------------------------
Finished Final Netlist Cleanup
---------------------------------------------------------------------------------
---------------------------------------------------------------------------------
Finished IO Insertion : Time (s): cpu = 00:00:20 ; elapsed = 00:00:21 . Memory (MB): peak = 1753.766 ; gain = 1049.738
---------------------------------------------------------------------------------
---------------------------------------------------------------------------------
Start Renaming Generated Instances
---------------------------------------------------------------------------------
---------------------------------------------------------------------------------
Finished Renaming Generated Instances : Time (s): cpu = 00:00:20 ; elapsed = 00:00:21 . Memory (MB): peak = 1753.766 ; gain = 1049.738
---------------------------------------------------------------------------------
---------------------------------------------------------------------------------
Start Rebuilding User Hierarchy
---------------------------------------------------------------------------------
---------------------------------------------------------------------------------
Finished Rebuilding User Hierarchy : Time (s): cpu = 00:00:20 ; elapsed = 00:00:21 . Memory (MB): peak = 1753.766 ; gain = 1049.738
---------------------------------------------------------------------------------
---------------------------------------------------------------------------------
Start Renaming Generated Ports
---------------------------------------------------------------------------------
---------------------------------------------------------------------------------
Finished Renaming Generated Ports : Time (s): cpu = 00:00:20 ; elapsed = 00:00:21 . Memory (MB): peak = 1753.766 ; gain = 1049.738
---------------------------------------------------------------------------------
---------------------------------------------------------------------------------
Start Handling Custom Attributes
---------------------------------------------------------------------------------
---------------------------------------------------------------------------------
Finished Handling Custom Attributes : Time (s): cpu = 00:00:20 ; elapsed = 00:00:21 . Memory (MB): peak = 1753.766 ; gain = 1049.738
---------------------------------------------------------------------------------
---------------------------------------------------------------------------------
Start Renaming Generated Nets
---------------------------------------------------------------------------------
---------------------------------------------------------------------------------
Finished Renaming Generated Nets : Time (s): cpu = 00:00:20 ; elapsed = 00:00:21 . Memory (MB): peak = 1753.766 ; gain = 1049.738
---------------------------------------------------------------------------------
---------------------------------------------------------------------------------
Start Writing Synthesis Report
---------------------------------------------------------------------------------

Report BlackBoxes: 
+-+--------------+----------+
| |BlackBox name |Instances |
+-+--------------+----------+
+-+--------------+----------+

Report Cell Usage: 
+------+-------+------+
|      |Cell   |Count |
+------+-------+------+
|1     |BUFG   |     1|
|2     |CARRY4 |     6|
|3     |LUT1   |     3|
|4     |LUT2   |    21|
|5     |LUT3   |     2|
|6     |LUT4   |     7|
|7     |LUT5   |     1|
|8     |LUT6   |     3|
|9     |FDCE   |    27|
|10    |FDPE   |     1|
|11    |IBUF   |    10|
|12    |OBUF   |    26|
+------+-------+------+
---------------------------------------------------------------------------------
Finished Writing Synthesis Report : Time (s): cpu = 00:00:20 ; elapsed = 00:00:21 . Memory (MB): peak = 1753.766 ; gain = 1049.738
---------------------------------------------------------------------------------
Synthesis finished with 0 errors, 1 critical warnings and 1 warnings.
Synthesis Optimization Runtime : Time (s): cpu = 00:00:13 ; elapsed = 00:00:20 . Memory (MB): peak = 1753.766 ; gain = 989.414
Synthesis Optimization Complete : Time (s): cpu = 00:00:20 ; elapsed = 00:00:21 . Memory (MB): peak = 1753.766 ; gain = 1049.738
INFO: [Project 1-571] Translating synthesized netlist
Netlist sorting complete. Time (s): cpu = 00:00:00 ; elapsed = 00:00:00.001 . Memory (MB): peak = 1759.625 ; gain = 0.000
INFO: [Netlist 29-17] Analyzing 6 Unisim elements for replacement
INFO: [Netlist 29-28] Unisim Transformation completed in 0 CPU seconds
INFO: [Project 1-570] Preparing netlist for logic optimization
INFO: [Opt 31-138] Pushed 0 inverter(s) to 0 load pin(s).
Netlist sorting complete. Time (s): cpu = 00:00:00 ; elapsed = 00:00:00 . Memory (MB): peak = 1763.172 ; gain = 0.000
INFO: [Project 1-111] Unisim Transformation Summary:
No Unisim elements were transformed.

Synth Design complete | Checksum: 2637c61d
INFO: [Common 17-83] Releasing license: Synthesis
23 Infos, 35 Warnings, 33 Critical Warnings and 0 Errors encountered.
synth_design completed successfully
synth_design: Time (s): cpu = 00:00:23 ; elapsed = 00:00:26 . Memory (MB): peak = 1763.172 ; gain = 1262.387
INFO: [runtcl-6] Synthesis results are not added to the cache due to CRITICAL_WARNING
Write ShapeDB Complete: Time (s): cpu = 00:00:00 ; elapsed = 00:00:00.002 . Memory (MB): peak = 1763.172 ; gain = 0.000
INFO: [Common 17-1381] The checkpoint 'E:/uni/SED/trabajo/Trabajo-VHDL/RGB_PWM_Ctrol/RGB_PWM_Ctrol.runs/synth_1/FSM_Master.dcp' has been generated.
INFO: [Vivado 12-24828] Executing command : report_utilization -file FSM_Master_utilization_synth.rpt -pb FSM_Master_utilization_synth.pb
INFO: [Common 17-206] Exiting Vivado at Tue Dec 16 17:50:42 2025...
