#-----------------------------------------------------------
# Vivado v2025.1 (64-bit)
# SW Build 6140274 on Thu May 22 00:12:29 MDT 2025
# IP Build 6138677 on Thu May 22 03:10:11 MDT 2025
# SharedData Build 6139179 on Tue May 20 17:58:58 MDT 2025
# Start of session at: Thu Dec 18 20:27:45 2025
# Process ID         : 5864
# Current directory  : C:/Users/omarf/Documents/GitHub/Trabajo-VHDL/RGB_PWM_Ctrol
# Command line       : vivado.exe -gui_launcher_event rodinguilauncherevent18880 C:\Users\omarf\Documents\GitHub\Trabajo-VHDL\RGB_PWM_Ctrol\RGB_PWM_Ctrol.xpr
# Log file           : C:/Users/omarf/Documents/GitHub/Trabajo-VHDL/RGB_PWM_Ctrol/vivado.log
# Journal file       : C:/Users/omarf/Documents/GitHub/Trabajo-VHDL/RGB_PWM_Ctrol\vivado.jou
# Running On         : OmarPC
# Platform           : Windows Server 2016 or Windows 10
# Operating System   : 26100
# Processor Detail   : 11th Gen Intel(R) Core(TM) i7-11800H @ 2.30GHz
# CPU Frequency      : 2304 MHz
# CPU Physical cores : 8
# CPU Logical cores  : 12
# Host memory        : 16831 MB
# Swap memory        : 1073 MB
# Total Virtual      : 17905 MB
# Available Virtual  : 6966 MB
#-----------------------------------------------------------
start_gui
open_project E:/uni/SED/trabajo/Trabajo-VHDL/RGB_PWM_Ctrol/RGB_PWM_Ctrol.xpr
update_compile_order -fileset sources_1
update_compile_order -fileset sources_1
