#-----------------------------------------------------------
# Vivado v2025.1 (64-bit)
# SW Build 6140274 on Thu May 22 00:12:29 MDT 2025
# IP Build 6138677 on Thu May 22 03:10:11 MDT 2025
# SharedData Build 6139179 on Tue May 20 17:58:58 MDT 2025
# Start of session at: Tue Dec 16 17:45:16 2025
# Process ID         : 42176
# Current directory  : E:/uni/SED/trabajo/Trabajo-VHDL/RGB_PWM_Ctrol
# Command line       : vivado.exe -gui_launcher_event rodinguilauncherevent30980 E:\uni\SED\trabajo\Trabajo-VHDL\RGB_PWM_Ctrol\RGB_PWM_Ctrol.xpr
# Log file           : E:/uni/SED/trabajo/Trabajo-VHDL/RGB_PWM_Ctrol/vivado.log
# Journal file       : E:/uni/SED/trabajo/Trabajo-VHDL/RGB_PWM_Ctrol\vivado.jou
# Running On         : DESKTOP-H3I785D
# Platform           : Windows Server 2016 or Windows 10
# Operating System   : 26100
# Processor Detail   : 11th Gen Intel(R) Core(TM) i7-11800H @ 2.30GHz
# CPU Frequency      : 2304 MHz
# CPU Physical cores : 8
# CPU Logical cores  : 16
# Host memory        : 16948 MB
# Swap memory        : 10200 MB
# Total Virtual      : 27149 MB
# Available Virtual  : 14997 MB
#-----------------------------------------------------------
start_gui
open_project E:/uni/SED/trabajo/Trabajo-VHDL/RGB_PWM_Ctrol/RGB_PWM_Ctrol.xpr
update_compile_order -fileset sources_1
launch_runs synth_1 -jobs 16
wait_on_run synth_1
launch_runs impl_1 -jobs 16
wait_on_run impl_1
# Disabling source management mode.  This is to allow the top design properties to be set without GUI intervention.
set_property source_mgmt_mode None [current_project]
set_property top FSM_Master [current_fileset]
# Re-enabling previously disabled source management mode.
set_property source_mgmt_mode All [current_project]
update_compile_order -fileset sources_1
reset_run synth_1
launch_runs synth_1 -jobs 16
wait_on_run synth_1
launch_runs impl_1 -jobs 16
wait_on_run impl_1
open_run impl_1
update_compile_order -fileset sources_1
add_files -norecurse {E:/uni/SED/trabajo/Trabajo-VHDL/RGB_PWM_Ctrol/RGB_PWM_Ctrol.srcs/sources_1/new/FSM_Master.vhd E:/uni/SED/trabajo/Trabajo-VHDL/RGB_PWM_Ctrol/RGB_PWM_Ctrol.srcs/sources_1/new/RGB_Controller.vhd E:/uni/SED/trabajo/Trabajo-VHDL/RGB_PWM_Ctrol/RGB_PWM_Ctrol.srcs/sources_1/new/FSM_Slave.vhd}
update_compile_order -fileset sources_1
remove_files  E:/uni/SED/trabajo/Trabajo-VHDL/src/FSM_Master.vhd
remove_files  E:/uni/SED/trabajo/Trabajo-VHDL/src/FSM_Slave.vhd
remove_files  E:/uni/SED/trabajo/Trabajo-VHDL/src/RGB_Controller.vhd
reset_run synth_1
launch_runs impl_1 -jobs 16
wait_on_run impl_1
refresh_design
close_design
file mkdir E:/uni/SED/trabajo/Trabajo-VHDL/RGB_PWM_Ctrol/RGB_PWM_Ctrol.srcs/sim_1/new
set_property SOURCE_SET sources_1 [get_filesets sim_1]
close [ open E:/uni/SED/trabajo/Trabajo-VHDL/RGB_PWM_Ctrol/RGB_PWM_Ctrol.srcs/sim_1/new/FSM_Master_tb.vhd w ]
add_files -fileset sim_1 E:/uni/SED/trabajo/Trabajo-VHDL/RGB_PWM_Ctrol/RGB_PWM_Ctrol.srcs/sim_1/new/FSM_Master_tb.vhd
update_compile_order -fileset sim_1
