
*** Running vivado
    with args -log FSM_Master.vdi -applog -m64 -product Vivado -messageDb vivado.pb -mode batch -source FSM_Master.tcl -notrace



****** Vivado v2025.1 (64-bit)
  **** SW Build 6140274 on Thu May 22 00:12:29 MDT 2025
  **** IP Build 6138677 on Thu May 22 03:10:11 MDT 2025
  **** SharedData Build 6139179 on Tue May 20 17:58:58 MDT 2025
  **** Start of session at: Tue Dec 16 17:51:01 2025
    ** Copyright 1986-2022 Xilinx, Inc. All Rights Reserved.
    ** Copyright 2022-2025 Advanced Micro Devices, Inc. All Rights Reserved.

source FSM_Master.tcl -notrace
Command: link_design -top FSM_Master -part xc7a100tcsg324-1
Design is defaulting to srcset: sources_1
Design is defaulting to constrset: constrs_1
INFO: [Device 21-403] Loading part xc7a100tcsg324-1
Netlist sorting complete. Time (s): cpu = 00:00:00 ; elapsed = 00:00:00 . Memory (MB): peak = 710.066 ; gain = 0.000
INFO: [Netlist 29-17] Analyzing 6 Unisim elements for replacement
INFO: [Netlist 29-28] Unisim Transformation completed in 0 CPU seconds
INFO: [Project 1-479] Netlist was created with Vivado 2025.1
INFO: [Project 1-570] Preparing netlist for logic optimization
Parsing XDC File [E:/uni/SED/trabajo/Trabajo-VHDL/RGB_PWM_Ctrol/RGB_PWM_Ctrol.srcs/constrs_1/imports/Downloads/Nexys-A7-100T-Master.xdc]
WARNING: [Vivado 12-584] No ports matched 'sw[0]'. [E:/uni/SED/trabajo/Trabajo-VHDL/RGB_PWM_Ctrol/RGB_PWM_Ctrol.srcs/constrs_1/imports/Downloads/Nexys-A7-100T-Master.xdc:13]
CRITICAL WARNING: [Common 17-55] 'set_property' expects at least one object. [E:/uni/SED/trabajo/Trabajo-VHDL/RGB_PWM_Ctrol/RGB_PWM_Ctrol.srcs/constrs_1/imports/Downloads/Nexys-A7-100T-Master.xdc:13]
Resolution: If [get_<value>] was used to populate the object, check to make sure this command returns at least one valid object.
WARNING: [Vivado 12-584] No ports matched 'sw[1]'. [E:/uni/SED/trabajo/Trabajo-VHDL/RGB_PWM_Ctrol/RGB_PWM_Ctrol.srcs/constrs_1/imports/Downloads/Nexys-A7-100T-Master.xdc:14]
CRITICAL WARNING: [Common 17-55] 'set_property' expects at least one object. [E:/uni/SED/trabajo/Trabajo-VHDL/RGB_PWM_Ctrol/RGB_PWM_Ctrol.srcs/constrs_1/imports/Downloads/Nexys-A7-100T-Master.xdc:14]
Resolution: If [get_<value>] was used to populate the object, check to make sure this command returns at least one valid object.
WARNING: [Vivado 12-584] No ports matched 'LED[0]'. [E:/uni/SED/trabajo/Trabajo-VHDL/RGB_PWM_Ctrol/RGB_PWM_Ctrol.srcs/constrs_1/imports/Downloads/Nexys-A7-100T-Master.xdc:45]
CRITICAL WARNING: [Common 17-55] 'set_property' expects at least one object. [E:/uni/SED/trabajo/Trabajo-VHDL/RGB_PWM_Ctrol/RGB_PWM_Ctrol.srcs/constrs_1/imports/Downloads/Nexys-A7-100T-Master.xdc:45]
Resolution: If [get_<value>] was used to populate the object, check to make sure this command returns at least one valid object.
WARNING: [Vivado 12-584] No ports matched 'LED[1]'. [E:/uni/SED/trabajo/Trabajo-VHDL/RGB_PWM_Ctrol/RGB_PWM_Ctrol.srcs/constrs_1/imports/Downloads/Nexys-A7-100T-Master.xdc:46]
CRITICAL WARNING: [Common 17-55] 'set_property' expects at least one object. [E:/uni/SED/trabajo/Trabajo-VHDL/RGB_PWM_Ctrol/RGB_PWM_Ctrol.srcs/constrs_1/imports/Downloads/Nexys-A7-100T-Master.xdc:46]
Resolution: If [get_<value>] was used to populate the object, check to make sure this command returns at least one valid object.
WARNING: [Vivado 12-584] No ports matched 'LED[2]'. [E:/uni/SED/trabajo/Trabajo-VHDL/RGB_PWM_Ctrol/RGB_PWM_Ctrol.srcs/constrs_1/imports/Downloads/Nexys-A7-100T-Master.xdc:47]
CRITICAL WARNING: [Common 17-55] 'set_property' expects at least one object. [E:/uni/SED/trabajo/Trabajo-VHDL/RGB_PWM_Ctrol/RGB_PWM_Ctrol.srcs/constrs_1/imports/Downloads/Nexys-A7-100T-Master.xdc:47]
Resolution: If [get_<value>] was used to populate the object, check to make sure this command returns at least one valid object.
WARNING: [Vivado 12-584] No ports matched 'LED[3]'. [E:/uni/SED/trabajo/Trabajo-VHDL/RGB_PWM_Ctrol/RGB_PWM_Ctrol.srcs/constrs_1/imports/Downloads/Nexys-A7-100T-Master.xdc:48]
CRITICAL WARNING: [Common 17-55] 'set_property' expects at least one object. [E:/uni/SED/trabajo/Trabajo-VHDL/RGB_PWM_Ctrol/RGB_PWM_Ctrol.srcs/constrs_1/imports/Downloads/Nexys-A7-100T-Master.xdc:48]
Resolution: If [get_<value>] was used to populate the object, check to make sure this command returns at least one valid object.
WARNING: [Vivado 12-584] No ports matched 'seg[0]'. [E:/uni/SED/trabajo/Trabajo-VHDL/RGB_PWM_Ctrol/RGB_PWM_Ctrol.srcs/constrs_1/imports/Downloads/Nexys-A7-100T-Master.xdc:60]
CRITICAL WARNING: [Common 17-55] 'set_property' expects at least one object. [E:/uni/SED/trabajo/Trabajo-VHDL/RGB_PWM_Ctrol/RGB_PWM_Ctrol.srcs/constrs_1/imports/Downloads/Nexys-A7-100T-Master.xdc:60]
Resolution: If [get_<value>] was used to populate the object, check to make sure this command returns at least one valid object.
WARNING: [Vivado 12-584] No ports matched 'seg[1]'. [E:/uni/SED/trabajo/Trabajo-VHDL/RGB_PWM_Ctrol/RGB_PWM_Ctrol.srcs/constrs_1/imports/Downloads/Nexys-A7-100T-Master.xdc:61]
CRITICAL WARNING: [Common 17-55] 'set_property' expects at least one object. [E:/uni/SED/trabajo/Trabajo-VHDL/RGB_PWM_Ctrol/RGB_PWM_Ctrol.srcs/constrs_1/imports/Downloads/Nexys-A7-100T-Master.xdc:61]
Resolution: If [get_<value>] was used to populate the object, check to make sure this command returns at least one valid object.
WARNING: [Vivado 12-584] No ports matched 'seg[2]'. [E:/uni/SED/trabajo/Trabajo-VHDL/RGB_PWM_Ctrol/RGB_PWM_Ctrol.srcs/constrs_1/imports/Downloads/Nexys-A7-100T-Master.xdc:62]
CRITICAL WARNING: [Common 17-55] 'set_property' expects at least one object. [E:/uni/SED/trabajo/Trabajo-VHDL/RGB_PWM_Ctrol/RGB_PWM_Ctrol.srcs/constrs_1/imports/Downloads/Nexys-A7-100T-Master.xdc:62]
Resolution: If [get_<value>] was used to populate the object, check to make sure this command returns at least one valid object.
WARNING: [Vivado 12-584] No ports matched 'seg[3]'. [E:/uni/SED/trabajo/Trabajo-VHDL/RGB_PWM_Ctrol/RGB_PWM_Ctrol.srcs/constrs_1/imports/Downloads/Nexys-A7-100T-Master.xdc:63]
CRITICAL WARNING: [Common 17-55] 'set_property' expects at least one object. [E:/uni/SED/trabajo/Trabajo-VHDL/RGB_PWM_Ctrol/RGB_PWM_Ctrol.srcs/constrs_1/imports/Downloads/Nexys-A7-100T-Master.xdc:63]
Resolution: If [get_<value>] was used to populate the object, check to make sure this command returns at least one valid object.
WARNING: [Vivado 12-584] No ports matched 'seg[4]'. [E:/uni/SED/trabajo/Trabajo-VHDL/RGB_PWM_Ctrol/RGB_PWM_Ctrol.srcs/constrs_1/imports/Downloads/Nexys-A7-100T-Master.xdc:64]
CRITICAL WARNING: [Common 17-55] 'set_property' expects at least one object. [E:/uni/SED/trabajo/Trabajo-VHDL/RGB_PWM_Ctrol/RGB_PWM_Ctrol.srcs/constrs_1/imports/Downloads/Nexys-A7-100T-Master.xdc:64]
Resolution: If [get_<value>] was used to populate the object, check to make sure this command returns at least one valid object.
WARNING: [Vivado 12-584] No ports matched 'seg[5]'. [E:/uni/SED/trabajo/Trabajo-VHDL/RGB_PWM_Ctrol/RGB_PWM_Ctrol.srcs/constrs_1/imports/Downloads/Nexys-A7-100T-Master.xdc:65]
CRITICAL WARNING: [Common 17-55] 'set_property' expects at least one object. [E:/uni/SED/trabajo/Trabajo-VHDL/RGB_PWM_Ctrol/RGB_PWM_Ctrol.srcs/constrs_1/imports/Downloads/Nexys-A7-100T-Master.xdc:65]
Resolution: If [get_<value>] was used to populate the object, check to make sure this command returns at least one valid object.
WARNING: [Vivado 12-584] No ports matched 'seg[6]'. [E:/uni/SED/trabajo/Trabajo-VHDL/RGB_PWM_Ctrol/RGB_PWM_Ctrol.srcs/constrs_1/imports/Downloads/Nexys-A7-100T-Master.xdc:66]
CRITICAL WARNING: [Common 17-55] 'set_property' expects at least one object. [E:/uni/SED/trabajo/Trabajo-VHDL/RGB_PWM_Ctrol/RGB_PWM_Ctrol.srcs/constrs_1/imports/Downloads/Nexys-A7-100T-Master.xdc:66]
Resolution: If [get_<value>] was used to populate the object, check to make sure this command returns at least one valid object.
WARNING: [Vivado 12-584] No ports matched 'dp'. [E:/uni/SED/trabajo/Trabajo-VHDL/RGB_PWM_Ctrol/RGB_PWM_Ctrol.srcs/constrs_1/imports/Downloads/Nexys-A7-100T-Master.xdc:68]
CRITICAL WARNING: [Common 17-55] 'set_property' expects at least one object. [E:/uni/SED/trabajo/Trabajo-VHDL/RGB_PWM_Ctrol/RGB_PWM_Ctrol.srcs/constrs_1/imports/Downloads/Nexys-A7-100T-Master.xdc:68]
Resolution: If [get_<value>] was used to populate the object, check to make sure this command returns at least one valid object.
WARNING: [Vivado 12-584] No ports matched 'an[0]'. [E:/uni/SED/trabajo/Trabajo-VHDL/RGB_PWM_Ctrol/RGB_PWM_Ctrol.srcs/constrs_1/imports/Downloads/Nexys-A7-100T-Master.xdc:70]
CRITICAL WARNING: [Common 17-55] 'set_property' expects at least one object. [E:/uni/SED/trabajo/Trabajo-VHDL/RGB_PWM_Ctrol/RGB_PWM_Ctrol.srcs/constrs_1/imports/Downloads/Nexys-A7-100T-Master.xdc:70]
Resolution: If [get_<value>] was used to populate the object, check to make sure this command returns at least one valid object.
WARNING: [Vivado 12-584] No ports matched 'an[1]'. [E:/uni/SED/trabajo/Trabajo-VHDL/RGB_PWM_Ctrol/RGB_PWM_Ctrol.srcs/constrs_1/imports/Downloads/Nexys-A7-100T-Master.xdc:71]
CRITICAL WARNING: [Common 17-55] 'set_property' expects at least one object. [E:/uni/SED/trabajo/Trabajo-VHDL/RGB_PWM_Ctrol/RGB_PWM_Ctrol.srcs/constrs_1/imports/Downloads/Nexys-A7-100T-Master.xdc:71]
Resolution: If [get_<value>] was used to populate the object, check to make sure this command returns at least one valid object.
WARNING: [Vivado 12-584] No ports matched 'an[2]'. [E:/uni/SED/trabajo/Trabajo-VHDL/RGB_PWM_Ctrol/RGB_PWM_Ctrol.srcs/constrs_1/imports/Downloads/Nexys-A7-100T-Master.xdc:72]
CRITICAL WARNING: [Common 17-55] 'set_property' expects at least one object. [E:/uni/SED/trabajo/Trabajo-VHDL/RGB_PWM_Ctrol/RGB_PWM_Ctrol.srcs/constrs_1/imports/Downloads/Nexys-A7-100T-Master.xdc:72]
Resolution: If [get_<value>] was used to populate the object, check to make sure this command returns at least one valid object.
WARNING: [Vivado 12-584] No ports matched 'an[3]'. [E:/uni/SED/trabajo/Trabajo-VHDL/RGB_PWM_Ctrol/RGB_PWM_Ctrol.srcs/constrs_1/imports/Downloads/Nexys-A7-100T-Master.xdc:73]
CRITICAL WARNING: [Common 17-55] 'set_property' expects at least one object. [E:/uni/SED/trabajo/Trabajo-VHDL/RGB_PWM_Ctrol/RGB_PWM_Ctrol.srcs/constrs_1/imports/Downloads/Nexys-A7-100T-Master.xdc:73]
Resolution: If [get_<value>] was used to populate the object, check to make sure this command returns at least one valid object.
WARNING: [Vivado 12-584] No ports matched 'an[4]'. [E:/uni/SED/trabajo/Trabajo-VHDL/RGB_PWM_Ctrol/RGB_PWM_Ctrol.srcs/constrs_1/imports/Downloads/Nexys-A7-100T-Master.xdc:74]
CRITICAL WARNING: [Common 17-55] 'set_property' expects at least one object. [E:/uni/SED/trabajo/Trabajo-VHDL/RGB_PWM_Ctrol/RGB_PWM_Ctrol.srcs/constrs_1/imports/Downloads/Nexys-A7-100T-Master.xdc:74]
Resolution: If [get_<value>] was used to populate the object, check to make sure this command returns at least one valid object.
WARNING: [Vivado 12-584] No ports matched 'an[5]'. [E:/uni/SED/trabajo/Trabajo-VHDL/RGB_PWM_Ctrol/RGB_PWM_Ctrol.srcs/constrs_1/imports/Downloads/Nexys-A7-100T-Master.xdc:75]
CRITICAL WARNING: [Common 17-55] 'set_property' expects at least one object. [E:/uni/SED/trabajo/Trabajo-VHDL/RGB_PWM_Ctrol/RGB_PWM_Ctrol.srcs/constrs_1/imports/Downloads/Nexys-A7-100T-Master.xdc:75]
Resolution: If [get_<value>] was used to populate the object, check to make sure this command returns at least one valid object.
WARNING: [Vivado 12-584] No ports matched 'an[6]'. [E:/uni/SED/trabajo/Trabajo-VHDL/RGB_PWM_Ctrol/RGB_PWM_Ctrol.srcs/constrs_1/imports/Downloads/Nexys-A7-100T-Master.xdc:76]
CRITICAL WARNING: [Common 17-55] 'set_property' expects at least one object. [E:/uni/SED/trabajo/Trabajo-VHDL/RGB_PWM_Ctrol/RGB_PWM_Ctrol.srcs/constrs_1/imports/Downloads/Nexys-A7-100T-Master.xdc:76]
Resolution: If [get_<value>] was used to populate the object, check to make sure this command returns at least one valid object.
WARNING: [Vivado 12-584] No ports matched 'an[7]'. [E:/uni/SED/trabajo/Trabajo-VHDL/RGB_PWM_Ctrol/RGB_PWM_Ctrol.srcs/constrs_1/imports/Downloads/Nexys-A7-100T-Master.xdc:77]
CRITICAL WARNING: [Common 17-55] 'set_property' expects at least one object. [E:/uni/SED/trabajo/Trabajo-VHDL/RGB_PWM_Ctrol/RGB_PWM_Ctrol.srcs/constrs_1/imports/Downloads/Nexys-A7-100T-Master.xdc:77]
Resolution: If [get_<value>] was used to populate the object, check to make sure this command returns at least one valid object.
WARNING: [Vivado 12-584] No ports matched 'button'. [E:/uni/SED/trabajo/Trabajo-VHDL/RGB_PWM_Ctrol/RGB_PWM_Ctrol.srcs/constrs_1/imports/Downloads/Nexys-A7-100T-Master.xdc:85]
CRITICAL WARNING: [Common 17-55] 'set_property' expects at least one object. [E:/uni/SED/trabajo/Trabajo-VHDL/RGB_PWM_Ctrol/RGB_PWM_Ctrol.srcs/constrs_1/imports/Downloads/Nexys-A7-100T-Master.xdc:85]
Resolution: If [get_<value>] was used to populate the object, check to make sure this command returns at least one valid object.
WARNING: [Vivado 12-584] No ports matched 'RST'. [E:/uni/SED/trabajo/Trabajo-VHDL/RGB_PWM_Ctrol/RGB_PWM_Ctrol.srcs/constrs_1/imports/Downloads/Nexys-A7-100T-Master.xdc:88]
CRITICAL WARNING: [Common 17-55] 'set_property' expects at least one object. [E:/uni/SED/trabajo/Trabajo-VHDL/RGB_PWM_Ctrol/RGB_PWM_Ctrol.srcs/constrs_1/imports/Downloads/Nexys-A7-100T-Master.xdc:88]
Resolution: If [get_<value>] was used to populate the object, check to make sure this command returns at least one valid object.
WARNING: [Vivado 12-584] No ports matched 'vauxn3'. [E:/uni/SED/trabajo/Trabajo-VHDL/RGB_PWM_Ctrol/RGB_PWM_Ctrol.srcs/constrs_1/imports/Downloads/Nexys-A7-100T-Master.xdc:144]
CRITICAL WARNING: [Common 17-55] 'set_property' expects at least one object. [E:/uni/SED/trabajo/Trabajo-VHDL/RGB_PWM_Ctrol/RGB_PWM_Ctrol.srcs/constrs_1/imports/Downloads/Nexys-A7-100T-Master.xdc:144]
Resolution: If [get_<value>] was used to populate the object, check to make sure this command returns at least one valid object.
WARNING: [Vivado 12-584] No ports matched 'vauxp3'. [E:/uni/SED/trabajo/Trabajo-VHDL/RGB_PWM_Ctrol/RGB_PWM_Ctrol.srcs/constrs_1/imports/Downloads/Nexys-A7-100T-Master.xdc:145]
CRITICAL WARNING: [Common 17-55] 'set_property' expects at least one object. [E:/uni/SED/trabajo/Trabajo-VHDL/RGB_PWM_Ctrol/RGB_PWM_Ctrol.srcs/constrs_1/imports/Downloads/Nexys-A7-100T-Master.xdc:145]
Resolution: If [get_<value>] was used to populate the object, check to make sure this command returns at least one valid object.
WARNING: [Vivado 12-584] No ports matched 'vauxn10'. [E:/uni/SED/trabajo/Trabajo-VHDL/RGB_PWM_Ctrol/RGB_PWM_Ctrol.srcs/constrs_1/imports/Downloads/Nexys-A7-100T-Master.xdc:146]
CRITICAL WARNING: [Common 17-55] 'set_property' expects at least one object. [E:/uni/SED/trabajo/Trabajo-VHDL/RGB_PWM_Ctrol/RGB_PWM_Ctrol.srcs/constrs_1/imports/Downloads/Nexys-A7-100T-Master.xdc:146]
Resolution: If [get_<value>] was used to populate the object, check to make sure this command returns at least one valid object.
WARNING: [Vivado 12-584] No ports matched 'vauxp10'. [E:/uni/SED/trabajo/Trabajo-VHDL/RGB_PWM_Ctrol/RGB_PWM_Ctrol.srcs/constrs_1/imports/Downloads/Nexys-A7-100T-Master.xdc:147]
CRITICAL WARNING: [Common 17-55] 'set_property' expects at least one object. [E:/uni/SED/trabajo/Trabajo-VHDL/RGB_PWM_Ctrol/RGB_PWM_Ctrol.srcs/constrs_1/imports/Downloads/Nexys-A7-100T-Master.xdc:147]
Resolution: If [get_<value>] was used to populate the object, check to make sure this command returns at least one valid object.
WARNING: [Vivado 12-584] No ports matched 'vauxn2'. [E:/uni/SED/trabajo/Trabajo-VHDL/RGB_PWM_Ctrol/RGB_PWM_Ctrol.srcs/constrs_1/imports/Downloads/Nexys-A7-100T-Master.xdc:148]
CRITICAL WARNING: [Common 17-55] 'set_property' expects at least one object. [E:/uni/SED/trabajo/Trabajo-VHDL/RGB_PWM_Ctrol/RGB_PWM_Ctrol.srcs/constrs_1/imports/Downloads/Nexys-A7-100T-Master.xdc:148]
Resolution: If [get_<value>] was used to populate the object, check to make sure this command returns at least one valid object.
WARNING: [Vivado 12-584] No ports matched 'vauxp2'. [E:/uni/SED/trabajo/Trabajo-VHDL/RGB_PWM_Ctrol/RGB_PWM_Ctrol.srcs/constrs_1/imports/Downloads/Nexys-A7-100T-Master.xdc:149]
CRITICAL WARNING: [Common 17-55] 'set_property' expects at least one object. [E:/uni/SED/trabajo/Trabajo-VHDL/RGB_PWM_Ctrol/RGB_PWM_Ctrol.srcs/constrs_1/imports/Downloads/Nexys-A7-100T-Master.xdc:149]
Resolution: If [get_<value>] was used to populate the object, check to make sure this command returns at least one valid object.
WARNING: [Vivado 12-584] No ports matched 'vauxn11'. [E:/uni/SED/trabajo/Trabajo-VHDL/RGB_PWM_Ctrol/RGB_PWM_Ctrol.srcs/constrs_1/imports/Downloads/Nexys-A7-100T-Master.xdc:150]
CRITICAL WARNING: [Common 17-55] 'set_property' expects at least one object. [E:/uni/SED/trabajo/Trabajo-VHDL/RGB_PWM_Ctrol/RGB_PWM_Ctrol.srcs/constrs_1/imports/Downloads/Nexys-A7-100T-Master.xdc:150]
Resolution: If [get_<value>] was used to populate the object, check to make sure this command returns at least one valid object.
WARNING: [Vivado 12-584] No ports matched 'vauxp11'. [E:/uni/SED/trabajo/Trabajo-VHDL/RGB_PWM_Ctrol/RGB_PWM_Ctrol.srcs/constrs_1/imports/Downloads/Nexys-A7-100T-Master.xdc:151]
CRITICAL WARNING: [Common 17-55] 'set_property' expects at least one object. [E:/uni/SED/trabajo/Trabajo-VHDL/RGB_PWM_Ctrol/RGB_PWM_Ctrol.srcs/constrs_1/imports/Downloads/Nexys-A7-100T-Master.xdc:151]
Resolution: If [get_<value>] was used to populate the object, check to make sure this command returns at least one valid object.
Finished Parsing XDC File [E:/uni/SED/trabajo/Trabajo-VHDL/RGB_PWM_Ctrol/RGB_PWM_Ctrol.srcs/constrs_1/imports/Downloads/Nexys-A7-100T-Master.xdc]
INFO: [Opt 31-138] Pushed 0 inverter(s) to 0 load pin(s).
Netlist sorting complete. Time (s): cpu = 00:00:00 ; elapsed = 00:00:00 . Memory (MB): peak = 845.012 ; gain = 0.000
INFO: [Project 1-111] Unisim Transformation Summary:
No Unisim elements were transformed.

7 Infos, 32 Warnings, 32 Critical Warnings and 0 Errors encountered.
link_design completed successfully
Command: opt_design
Attempting to get a license for feature 'Implementation' and/or device 'xc7a100t'
INFO: [Common 17-349] Got license for feature 'Implementation' and/or device 'xc7a100t'
Running DRC as a precondition to command opt_design

Starting DRC Task
INFO: [DRC 23-27] Running DRC with 2 threads
INFO: [Project 1-461] DRC finished with 0 Errors
INFO: [Project 1-462] Please refer to the DRC report (report_drc) for more information.

Time (s): cpu = 00:00:01 ; elapsed = 00:00:00.579 . Memory (MB): peak = 879.352 ; gain = 30.320

Starting Cache Timing Information Task
INFO: [Timing 38-35] Done setting XDC timing constraints.
Ending Cache Timing Information Task | Checksum: 192edb1d5

Time (s): cpu = 00:00:05 ; elapsed = 00:00:05 . Memory (MB): peak = 1406.355 ; gain = 527.004

Starting Logic Optimization Task

Phase 1 Initialization

Phase 1.1 Core Generation And Design Setup
Phase 1.1 Core Generation And Design Setup | Checksum: 192edb1d5

Time (s): cpu = 00:00:00 ; elapsed = 00:00:00.001 . Memory (MB): peak = 1836.289 ; gain = 0.000

Phase 1.2 Setup Constraints And Sort Netlist
Phase 1.2 Setup Constraints And Sort Netlist | Checksum: 192edb1d5

Time (s): cpu = 00:00:00 ; elapsed = 00:00:00.001 . Memory (MB): peak = 1836.289 ; gain = 0.000
Phase 1 Initialization | Checksum: 192edb1d5

Time (s): cpu = 00:00:00 ; elapsed = 00:00:00.002 . Memory (MB): peak = 1836.289 ; gain = 0.000

Phase 2 Timer Update And Timing Data Collection

Phase 2.1 Timer Update
Phase 2.1 Timer Update | Checksum: 192edb1d5

Time (s): cpu = 00:00:00 ; elapsed = 00:00:00.005 . Memory (MB): peak = 1836.289 ; gain = 0.000

Phase 2.2 Timing Data Collection
Phase 2.2 Timing Data Collection | Checksum: 192edb1d5

Time (s): cpu = 00:00:00 ; elapsed = 00:00:00.008 . Memory (MB): peak = 1836.289 ; gain = 0.000
Phase 2 Timer Update And Timing Data Collection | Checksum: 192edb1d5

Time (s): cpu = 00:00:00 ; elapsed = 00:00:00.008 . Memory (MB): peak = 1836.289 ; gain = 0.000

Phase 3 Retarget
INFO: [Opt 31-1851] Number of loadless carry chains removed were: 0
INFO: [Opt 31-1834] Total Chains To Be Transformed Were: 0 AND Number of Transformed insts Created are: 0
INFO: [Opt 31-138] Pushed 0 inverter(s) to 0 load pin(s).
INFO: [Opt 31-49] Retargeted 0 cell(s).
Phase 3 Retarget | Checksum: 192edb1d5

Time (s): cpu = 00:00:00 ; elapsed = 00:00:00.012 . Memory (MB): peak = 1836.289 ; gain = 0.000
Retarget | Checksum: 192edb1d5
INFO: [Opt 31-389] Phase Retarget created 0 cells and removed 0 cells

Phase 4 Constant propagation
INFO: [Opt 31-138] Pushed 0 inverter(s) to 0 load pin(s).
Phase 4 Constant propagation | Checksum: 192edb1d5

Time (s): cpu = 00:00:00 ; elapsed = 00:00:00.014 . Memory (MB): peak = 1836.289 ; gain = 0.000
Constant propagation | Checksum: 192edb1d5
INFO: [Opt 31-389] Phase Constant propagation created 0 cells and removed 0 cells

Phase 5 Sweep
INFO: [Constraints 18-11670] Building netlist checker database with flags, 0x8
Done building netlist checker database: Time (s): cpu = 00:00:00 ; elapsed = 00:00:00 . Memory (MB): peak = 1836.289 ; gain = 0.000
Phase 5 Sweep | Checksum: 1f671f1ec

Time (s): cpu = 00:00:00 ; elapsed = 00:00:00.016 . Memory (MB): peak = 1836.289 ; gain = 0.000
Sweep | Checksum: 1f671f1ec
INFO: [Opt 31-389] Phase Sweep created 0 cells and removed 0 cells

Phase 6 BUFG optimization
Phase 6 BUFG optimization | Checksum: 1f671f1ec

Time (s): cpu = 00:00:00 ; elapsed = 00:00:00.022 . Memory (MB): peak = 1836.289 ; gain = 0.000
BUFG optimization | Checksum: 1f671f1ec
INFO: [Opt 31-662] Phase BUFG optimization created 0 cells of which 0 are BUFGs and removed 0 cells.

Phase 7 Shift Register Optimization
INFO: [Opt 31-1064] SRL Remap converted 0 SRLs to 0 registers and converted 0 registers of register chains to 0 SRLs
Phase 7 Shift Register Optimization | Checksum: 1f671f1ec

Time (s): cpu = 00:00:00 ; elapsed = 00:00:00.023 . Memory (MB): peak = 1836.289 ; gain = 0.000
Shift Register Optimization | Checksum: 1f671f1ec
INFO: [Opt 31-389] Phase Shift Register Optimization created 0 cells and removed 0 cells

Phase 8 Post Processing Netlist
Phase 8 Post Processing Netlist | Checksum: 1f671f1ec

Time (s): cpu = 00:00:00 ; elapsed = 00:00:00.023 . Memory (MB): peak = 1836.289 ; gain = 0.000
Post Processing Netlist | Checksum: 1f671f1ec
INFO: [Opt 31-389] Phase Post Processing Netlist created 0 cells and removed 0 cells

Phase 9 Finalization

Phase 9.1 Finalizing Design Cores and Updating Shapes
Phase 9.1 Finalizing Design Cores and Updating Shapes | Checksum: 1009e7929

Time (s): cpu = 00:00:00 ; elapsed = 00:00:00.027 . Memory (MB): peak = 1836.289 ; gain = 0.000

Phase 9.2 Verifying Netlist Connectivity

Starting Connectivity Check Task

Time (s): cpu = 00:00:00 ; elapsed = 00:00:00.004 . Memory (MB): peak = 1836.289 ; gain = 0.000
Phase 9.2 Verifying Netlist Connectivity | Checksum: 1009e7929

Time (s): cpu = 00:00:00 ; elapsed = 00:00:00.031 . Memory (MB): peak = 1836.289 ; gain = 0.000
Phase 9 Finalization | Checksum: 1009e7929

Time (s): cpu = 00:00:00 ; elapsed = 00:00:00.031 . Memory (MB): peak = 1836.289 ; gain = 0.000
Opt_design Change Summary
=========================


-------------------------------------------------------------------------------------------------------------------------
|  Phase                        |  #Cells created  |  #Cells Removed  |  #Constrained objects preventing optimizations  |
-------------------------------------------------------------------------------------------------------------------------
|  Retarget                     |               0  |               0  |                                              0  |
|  Constant propagation         |               0  |               0  |                                              0  |
|  Sweep                        |               0  |               0  |                                              0  |
|  BUFG optimization            |               0  |               0  |                                              0  |
|  Shift Register Optimization  |               0  |               0  |                                              0  |
|  Post Processing Netlist      |               0  |               0  |                                              0  |
-------------------------------------------------------------------------------------------------------------------------


Ending Logic Optimization Task | Checksum: 1009e7929

Time (s): cpu = 00:00:00 ; elapsed = 00:00:00.032 . Memory (MB): peak = 1836.289 ; gain = 0.000

Starting Power Optimization Task
INFO: [Pwropt 34-132] Skipping clock gating for clocks with a period < 2.00 ns.
Ending Power Optimization Task | Checksum: 1009e7929

Time (s): cpu = 00:00:00 ; elapsed = 00:00:00.005 . Memory (MB): peak = 1836.289 ; gain = 0.000

Starting Final Cleanup Task
Ending Final Cleanup Task | Checksum: 1009e7929

Time (s): cpu = 00:00:00 ; elapsed = 00:00:00 . Memory (MB): peak = 1836.289 ; gain = 0.000

Starting Netlist Obfuscation Task
Netlist sorting complete. Time (s): cpu = 00:00:00 ; elapsed = 00:00:00 . Memory (MB): peak = 1836.289 ; gain = 0.000
Ending Netlist Obfuscation Task | Checksum: 1009e7929

Time (s): cpu = 00:00:00 ; elapsed = 00:00:00 . Memory (MB): peak = 1836.289 ; gain = 0.000
INFO: [Common 17-83] Releasing license: Implementation
27 Infos, 32 Warnings, 32 Critical Warnings and 0 Errors encountered.
opt_design completed successfully
opt_design: Time (s): cpu = 00:00:08 ; elapsed = 00:00:08 . Memory (MB): peak = 1836.289 ; gain = 987.258
INFO: [Vivado 12-24828] Executing command : report_drc -file FSM_Master_drc_opted.rpt -pb FSM_Master_drc_opted.pb -rpx FSM_Master_drc_opted.rpx
Command: report_drc -file FSM_Master_drc_opted.rpt -pb FSM_Master_drc_opted.pb -rpx FSM_Master_drc_opted.rpx
INFO: [IP_Flow 19-234] Refreshing IP repositories
INFO: [IP_Flow 19-1704] No user IP repositories specified
INFO: [IP_Flow 19-2313] Loaded Vivado IP repository 'C:/Xilinx/2025.1/Vivado/data/ip'.
INFO: [DRC 23-27] Running DRC with 2 threads
INFO: [Vivado_Tcl 2-168] The results of DRC are in file E:/uni/SED/trabajo/Trabajo-VHDL/RGB_PWM_Ctrol/RGB_PWM_Ctrol.runs/impl_1/FSM_Master_drc_opted.rpt.
report_drc completed successfully
INFO: [Timing 38-480] Writing timing data to binary archive.
Write ShapeDB Complete: Time (s): cpu = 00:00:00 ; elapsed = 00:00:00.002 . Memory (MB): peak = 1836.289 ; gain = 0.000
Wrote PlaceDB: Time (s): cpu = 00:00:00 ; elapsed = 00:00:00.001 . Memory (MB): peak = 1836.289 ; gain = 0.000
Wrote PulsedLatchDB: Time (s): cpu = 00:00:00 ; elapsed = 00:00:00 . Memory (MB): peak = 1836.289 ; gain = 0.000
Writing XDEF routing.
Writing XDEF routing logical nets.
Writing XDEF routing special nets.
Wrote RouteStorage: Time (s): cpu = 00:00:00 ; elapsed = 00:00:00.014 . Memory (MB): peak = 1836.289 ; gain = 0.000
Wrote Netlist Cache: Time (s): cpu = 00:00:00 ; elapsed = 00:00:00 . Memory (MB): peak = 1836.289 ; gain = 0.000
Wrote Device Cache: Time (s): cpu = 00:00:00 ; elapsed = 00:00:00.013 . Memory (MB): peak = 1836.289 ; gain = 0.000
Write Physdb Complete: Time (s): cpu = 00:00:00 ; elapsed = 00:00:00.079 . Memory (MB): peak = 1836.289 ; gain = 0.000
INFO: [Common 17-1381] The checkpoint 'E:/uni/SED/trabajo/Trabajo-VHDL/RGB_PWM_Ctrol/RGB_PWM_Ctrol.runs/impl_1/FSM_Master_opt.dcp' has been generated.
Command: place_design
Attempting to get a license for feature 'Implementation' and/or device 'xc7a100t'
INFO: [Common 17-349] Got license for feature 'Implementation' and/or device 'xc7a100t'
INFO: [Common 17-83] Releasing license: Implementation
INFO: [DRC 23-27] Running DRC with 2 threads
INFO: [Vivado_Tcl 4-198] DRC finished with 0 Errors
INFO: [Vivado_Tcl 4-199] Please refer to the DRC report (report_drc) for more information.
Running DRC as a precondition to command place_design
INFO: [DRC 23-27] Running DRC with 2 threads
INFO: [Vivado_Tcl 4-198] DRC finished with 0 Errors
INFO: [Vivado_Tcl 4-199] Please refer to the DRC report (report_drc) for more information.
INFO: [Place 30-611] Multithreading enabled for place_design using a maximum of 2 CPUs

Starting Placer Task

Phase 1 Placer Initialization

Phase 1.1 Placer Initialization Netlist Sorting
Netlist sorting complete. Time (s): cpu = 00:00:00 ; elapsed = 00:00:00 . Memory (MB): peak = 1836.289 ; gain = 0.000
Phase 1.1 Placer Initialization Netlist Sorting | Checksum: fc65d451

Time (s): cpu = 00:00:00 ; elapsed = 00:00:00 . Memory (MB): peak = 1836.289 ; gain = 0.000
Netlist sorting complete. Time (s): cpu = 00:00:00 ; elapsed = 00:00:00 . Memory (MB): peak = 1836.289 ; gain = 0.000

Phase 1.2 IO Placement/ Clock Placement/ Build Placer Device
INFO: [Timing 38-35] Done setting XDC timing constraints.
Phase 1.2 IO Placement/ Clock Placement/ Build Placer Device | Checksum: 19dab11e2

Time (s): cpu = 00:00:00 ; elapsed = 00:00:00.243 . Memory (MB): peak = 1836.289 ; gain = 0.000

Phase 1.3 Build Placer Netlist Model
Phase 1.3 Build Placer Netlist Model | Checksum: 2577affa9

Time (s): cpu = 00:00:00 ; elapsed = 00:00:00.340 . Memory (MB): peak = 1836.289 ; gain = 0.000

Phase 1.4 Constrain Clocks/Macros
Phase 1.4 Constrain Clocks/Macros | Checksum: 2577affa9

Time (s): cpu = 00:00:00 ; elapsed = 00:00:00.343 . Memory (MB): peak = 1836.289 ; gain = 0.000
Phase 1 Placer Initialization | Checksum: 2577affa9

Time (s): cpu = 00:00:00 ; elapsed = 00:00:00.351 . Memory (MB): peak = 1836.289 ; gain = 0.000

Phase 2 Global Placement

Phase 2.1 Floorplanning
Phase 2.1 Floorplanning | Checksum: 29c68f2c1

Time (s): cpu = 00:00:00 ; elapsed = 00:00:00.387 . Memory (MB): peak = 1836.289 ; gain = 0.000

Phase 2.2 Update Timing before SLR Path Opt
Phase 2.2 Update Timing before SLR Path Opt | Checksum: 22ee97f4f

Time (s): cpu = 00:00:00 ; elapsed = 00:00:00.398 . Memory (MB): peak = 1836.289 ; gain = 0.000

Phase 2.3 Post-Processing in Floorplanning
Phase 2.3 Post-Processing in Floorplanning | Checksum: 22ee97f4f

Time (s): cpu = 00:00:00 ; elapsed = 00:00:00.399 . Memory (MB): peak = 1836.289 ; gain = 0.000

Phase 2.4 Global Place Phase1
Phase 2.4 Global Place Phase1 | Checksum: 220394c28

Time (s): cpu = 00:00:00 ; elapsed = 00:00:00.500 . Memory (MB): peak = 1836.289 ; gain = 0.000

Phase 2.5 Global Place Phase2

Phase 2.5.1 UpdateTiming Before Physical Synthesis
Phase 2.5.1 UpdateTiming Before Physical Synthesis | Checksum: 1e3baecd5

Time (s): cpu = 00:00:00 ; elapsed = 00:00:00.514 . Memory (MB): peak = 1836.289 ; gain = 0.000

Phase 2.5.2 Physical Synthesis In Placer
INFO: [Physopt 32-1044] Break lutnm for timing: one critical 0, two critical 0, total 0, new lutff created 0
INFO: [Physopt 32-1138] End 1 Pass. Optimized 0 net or LUT. Breaked 0 LUT, combined 0 existing LUT and moved 0 existing LUT
INFO: [Physopt 32-65] No nets found for high-fanout optimization.
INFO: [Physopt 32-232] Optimized 0 net. Created 0 new instance.
INFO: [Physopt 32-775] End 1 Pass. Optimized 0 net or cell. Created 0 new cell, deleted 0 existing cell and moved 0 existing cell
INFO: [Physopt 32-670] No setup violation found.  DSP Register Optimization was not performed.
INFO: [Physopt 32-670] No setup violation found.  Shift Register to Pipeline Optimization was not performed.
INFO: [Physopt 32-670] No setup violation found.  Shift Register Optimization was not performed.
INFO: [Physopt 32-670] No setup violation found.  BRAM Register Optimization was not performed.
INFO: [Physopt 32-670] No setup violation found.  URAM Register Optimization was not performed.
INFO: [Physopt 32-949] No candidate nets found for dynamic/static region interface net replication
INFO: [Physopt 32-775] End 1 Pass. Optimized 0 net or cell. Created 0 new cell, deleted 0 existing cell and moved 0 existing cell
Netlist sorting complete. Time (s): cpu = 00:00:00 ; elapsed = 00:00:00 . Memory (MB): peak = 1836.289 ; gain = 0.000

Summary of Physical Synthesis Optimizations
============================================


-----------------------------------------------------------------------------------------------------------------------------------------------------------
|  Optimization                                     |  Added Cells  |  Removed Cells  |  Optimized Cells/Nets  |  Dont Touch  |  Iterations  |  Elapsed   |
-----------------------------------------------------------------------------------------------------------------------------------------------------------
|  LUT Combining                                    |            0  |              0  |                     0  |           0  |           1  |  00:00:00  |
|  Retime                                           |            0  |              0  |                     0  |           0  |           1  |  00:00:00  |
|  Very High Fanout                                 |            0  |              0  |                     0  |           0  |           1  |  00:00:00  |
|  DSP Register                                     |            0  |              0  |                     0  |           0  |           0  |  00:00:00  |
|  Shift Register to Pipeline                       |            0  |              0  |                     0  |           0  |           0  |  00:00:00  |
|  Shift Register                                   |            0  |              0  |                     0  |           0  |           0  |  00:00:00  |
|  BRAM Register                                    |            0  |              0  |                     0  |           0  |           0  |  00:00:00  |
|  URAM Register                                    |            0  |              0  |                     0  |           0  |           0  |  00:00:00  |
|  Dynamic/Static Region Interface Net Replication  |            0  |              0  |                     0  |           0  |           1  |  00:00:00  |
|  Total                                            |            0  |              0  |                     0  |           0  |           4  |  00:00:00  |
-----------------------------------------------------------------------------------------------------------------------------------------------------------


Phase 2.5.2 Physical Synthesis In Placer | Checksum: 1e3baecd5

Time (s): cpu = 00:00:01 ; elapsed = 00:00:00.568 . Memory (MB): peak = 1836.289 ; gain = 0.000
Phase 2.5 Global Place Phase2 | Checksum: 214851977

Time (s): cpu = 00:00:01 ; elapsed = 00:00:00.618 . Memory (MB): peak = 1836.289 ; gain = 0.000
Phase 2 Global Placement | Checksum: 214851977

Time (s): cpu = 00:00:01 ; elapsed = 00:00:00.621 . Memory (MB): peak = 1836.289 ; gain = 0.000

Phase 3 Detail Placement

Phase 3.1 Commit Multi Column Macros
Phase 3.1 Commit Multi Column Macros | Checksum: 216a5aaac

Time (s): cpu = 00:00:01 ; elapsed = 00:00:00.633 . Memory (MB): peak = 1836.289 ; gain = 0.000

Phase 3.2 Commit Most Macros & LUTRAMs
Phase 3.2 Commit Most Macros & LUTRAMs | Checksum: 2126a553c

Time (s): cpu = 00:00:01 ; elapsed = 00:00:00.661 . Memory (MB): peak = 1836.289 ; gain = 0.000

Phase 3.3 Area Swap Optimization
Phase 3.3 Area Swap Optimization | Checksum: 2518804a3

Time (s): cpu = 00:00:01 ; elapsed = 00:00:00.665 . Memory (MB): peak = 1836.289 ; gain = 0.000

Phase 3.4 Pipeline Register Optimization
Phase 3.4 Pipeline Register Optimization | Checksum: 1b3b01995

Time (s): cpu = 00:00:01 ; elapsed = 00:00:00.666 . Memory (MB): peak = 1836.289 ; gain = 0.000

Phase 3.5 Small Shape Detail Placement
Phase 3.5 Small Shape Detail Placement | Checksum: 1adea094a

Time (s): cpu = 00:00:01 ; elapsed = 00:00:00.746 . Memory (MB): peak = 1836.289 ; gain = 0.000

Phase 3.6 Re-assign LUT pins
Phase 3.6 Re-assign LUT pins | Checksum: 1dfd1640e

Time (s): cpu = 00:00:01 ; elapsed = 00:00:00.749 . Memory (MB): peak = 1836.289 ; gain = 0.000

Phase 3.7 Pipeline Register Optimization
Phase 3.7 Pipeline Register Optimization | Checksum: 2bdb94f00

Time (s): cpu = 00:00:01 ; elapsed = 00:00:00.750 . Memory (MB): peak = 1836.289 ; gain = 0.000
Phase 3 Detail Placement | Checksum: 2bdb94f00

Time (s): cpu = 00:00:01 ; elapsed = 00:00:00.750 . Memory (MB): peak = 1836.289 ; gain = 0.000

Phase 4 Post Placement Optimization and Clean-Up

Phase 4.1 Post Commit Optimization
INFO: [Timing 38-35] Done setting XDC timing constraints.

Phase 4.1.1 Post Placement Optimization
Post Placement Optimization Initialization | Checksum: 1ec2cf4f2

Phase 4.1.1.1 BUFG Insertion

Starting Physical Synthesis Task

Phase 1 Physical Synthesis Initialization
INFO: [Physopt 32-721] Multithreading enabled for phys_opt_design using a maximum of 2 CPUs
INFO: [Physopt 32-619] Estimated Timing Summary | WNS=6.822 | TNS=0.000 |
Phase 1 Physical Synthesis Initialization | Checksum: 77f14c89

Time (s): cpu = 00:00:00 ; elapsed = 00:00:00.009 . Memory (MB): peak = 1836.289 ; gain = 0.000
INFO: [Place 46-56] BUFG insertion identified 0 candidate nets. Inserted BUFG: 0, Replicated BUFG Driver: 0, Skipped due to Placement/Routing Conflicts: 0, Skipped due to Timing Degradation: 0, Skipped due to netlist editing failed: 0.
Ending Physical Synthesis Task | Checksum: 1d5093a4a

Time (s): cpu = 00:00:00 ; elapsed = 00:00:00.011 . Memory (MB): peak = 1836.289 ; gain = 0.000
Phase 4.1.1.1 BUFG Insertion | Checksum: 1ec2cf4f2

Time (s): cpu = 00:00:01 ; elapsed = 00:00:00.816 . Memory (MB): peak = 1836.289 ; gain = 0.000

Phase 4.1.1.2 Post Placement Timing Optimization
INFO: [Place 30-746] Post Placement Timing Summary WNS=6.822. For the most accurate timing information please run report_timing.
Phase 4.1.1.2 Post Placement Timing Optimization | Checksum: 20ddbd2ec

Time (s): cpu = 00:00:01 ; elapsed = 00:00:00.819 . Memory (MB): peak = 1836.289 ; gain = 0.000

Time (s): cpu = 00:00:01 ; elapsed = 00:00:00.820 . Memory (MB): peak = 1836.289 ; gain = 0.000
Phase 4.1 Post Commit Optimization | Checksum: 20ddbd2ec

Time (s): cpu = 00:00:01 ; elapsed = 00:00:00.820 . Memory (MB): peak = 1836.289 ; gain = 0.000

Phase 4.2 Post Placement Cleanup
Phase 4.2 Post Placement Cleanup | Checksum: 20ddbd2ec

Time (s): cpu = 00:00:01 ; elapsed = 00:00:00.823 . Memory (MB): peak = 1836.289 ; gain = 0.000

Phase 4.3 Placer Reporting

Phase 4.3.1 Print Estimated Congestion
INFO: [Place 30-612] Post-Placement Estimated Congestion 
 ____________________________________________________
|           | Global Congestion | Short Congestion  |
| Direction | Region Size       | Region Size       |
|___________|___________________|___________________|
|      North|                1x1|                1x1|
|___________|___________________|___________________|
|      South|                1x1|                1x1|
|___________|___________________|___________________|
|       East|                1x1|                1x1|
|___________|___________________|___________________|
|       West|                1x1|                1x1|
|___________|___________________|___________________|

Phase 4.3.1 Print Estimated Congestion | Checksum: 20ddbd2ec

Time (s): cpu = 00:00:01 ; elapsed = 00:00:00.824 . Memory (MB): peak = 1836.289 ; gain = 0.000
Phase 4.3 Placer Reporting | Checksum: 20ddbd2ec

Time (s): cpu = 00:00:01 ; elapsed = 00:00:00.824 . Memory (MB): peak = 1836.289 ; gain = 0.000

Phase 4.4 Final Placement Cleanup
Netlist sorting complete. Time (s): cpu = 00:00:00 ; elapsed = 00:00:00 . Memory (MB): peak = 1836.289 ; gain = 0.000

Time (s): cpu = 00:00:01 ; elapsed = 00:00:00.828 . Memory (MB): peak = 1836.289 ; gain = 0.000
Phase 4 Post Placement Optimization and Clean-Up | Checksum: 1b90922d5

Time (s): cpu = 00:00:01 ; elapsed = 00:00:00.828 . Memory (MB): peak = 1836.289 ; gain = 0.000
Ending Placer Task | Checksum: 17bfde55b

Time (s): cpu = 00:00:01 ; elapsed = 00:00:00.829 . Memory (MB): peak = 1836.289 ; gain = 0.000
63 Infos, 32 Warnings, 32 Critical Warnings and 0 Errors encountered.
place_design completed successfully
INFO: [Vivado 12-24838] Running report commands "report_control_sets, report_io, report_utilization" in parallel.
Running report generation with 2 threads.
INFO: [Vivado 12-24828] Executing command : report_utilization -file FSM_Master_utilization_placed.rpt -pb FSM_Master_utilization_placed.pb
INFO: [Vivado 12-24828] Executing command : report_control_sets -verbose -file FSM_Master_control_sets_placed.rpt
report_control_sets: Time (s): cpu = 00:00:00 ; elapsed = 00:00:00.010 . Memory (MB): peak = 1836.289 ; gain = 0.000
INFO: [Vivado 12-24828] Executing command : report_io -file FSM_Master_io_placed.rpt
report_io: Time (s): cpu = 00:00:00 ; elapsed = 00:00:00.052 . Memory (MB): peak = 1836.289 ; gain = 0.000
Write ShapeDB Complete: Time (s): cpu = 00:00:00 ; elapsed = 00:00:00.002 . Memory (MB): peak = 1836.289 ; gain = 0.000
INFO: [Timing 38-480] Writing timing data to binary archive.
Wrote PlaceDB: Time (s): cpu = 00:00:00 ; elapsed = 00:00:00.004 . Memory (MB): peak = 1836.289 ; gain = 0.000
Wrote PulsedLatchDB: Time (s): cpu = 00:00:00 ; elapsed = 00:00:00 . Memory (MB): peak = 1836.289 ; gain = 0.000
Writing XDEF routing.
Writing XDEF routing logical nets.
Writing XDEF routing special nets.
Wrote RouteStorage: Time (s): cpu = 00:00:00 ; elapsed = 00:00:00.014 . Memory (MB): peak = 1836.289 ; gain = 0.000
Wrote Netlist Cache: Time (s): cpu = 00:00:00 ; elapsed = 00:00:00.001 . Memory (MB): peak = 1836.289 ; gain = 0.000
Wrote Device Cache: Time (s): cpu = 00:00:00 ; elapsed = 00:00:00.015 . Memory (MB): peak = 1836.289 ; gain = 0.000
Write Physdb Complete: Time (s): cpu = 00:00:00 ; elapsed = 00:00:00.078 . Memory (MB): peak = 1836.289 ; gain = 0.000
INFO: [Common 17-1381] The checkpoint 'E:/uni/SED/trabajo/Trabajo-VHDL/RGB_PWM_Ctrol/RGB_PWM_Ctrol.runs/impl_1/FSM_Master_placed.dcp' has been generated.
Command: phys_opt_design
Attempting to get a license for feature 'Implementation' and/or device 'xc7a100t'
INFO: [Common 17-349] Got license for feature 'Implementation' and/or device 'xc7a100t'

Starting Initial Update Timing Task

Time (s): cpu = 00:00:00 ; elapsed = 00:00:00.015 . Memory (MB): peak = 1839.512 ; gain = 3.223
INFO: [Vivado_Tcl 4-2279] Estimated Timing Summary | WNS= 6.822 | TNS= 0.000 | 
INFO: [Vivado_Tcl 4-383] Design worst setup slack (WNS) is greater than or equal to 0.000 ns. All physical synthesis setup optimizations will be skipped.
INFO: [Vivado_Tcl 4-232] No setup violation found. The netlist was not modified.
INFO: [Common 17-83] Releasing license: Implementation
74 Infos, 32 Warnings, 32 Critical Warnings and 0 Errors encountered.
phys_opt_design completed successfully
Write ShapeDB Complete: Time (s): cpu = 00:00:00 ; elapsed = 00:00:00.002 . Memory (MB): peak = 1857.379 ; gain = 0.000
INFO: [Timing 38-480] Writing timing data to binary archive.
Wrote PlaceDB: Time (s): cpu = 00:00:00 ; elapsed = 00:00:00.005 . Memory (MB): peak = 1857.379 ; gain = 0.000
Wrote PulsedLatchDB: Time (s): cpu = 00:00:00 ; elapsed = 00:00:00 . Memory (MB): peak = 1857.379 ; gain = 0.000
Writing XDEF routing.
Writing XDEF routing logical nets.
Writing XDEF routing special nets.
Wrote RouteStorage: Time (s): cpu = 00:00:00 ; elapsed = 00:00:00.016 . Memory (MB): peak = 1857.379 ; gain = 0.000
Wrote Netlist Cache: Time (s): cpu = 00:00:00 ; elapsed = 00:00:00.001 . Memory (MB): peak = 1857.379 ; gain = 0.000
Wrote Device Cache: Time (s): cpu = 00:00:00 ; elapsed = 00:00:00.016 . Memory (MB): peak = 1857.379 ; gain = 0.000
Write Physdb Complete: Time (s): cpu = 00:00:00 ; elapsed = 00:00:00.079 . Memory (MB): peak = 1857.379 ; gain = 0.000
INFO: [Common 17-1381] The checkpoint 'E:/uni/SED/trabajo/Trabajo-VHDL/RGB_PWM_Ctrol/RGB_PWM_Ctrol.runs/impl_1/FSM_Master_physopt.dcp' has been generated.
Command: route_design
Attempting to get a license for feature 'Implementation' and/or device 'xc7a100t'
INFO: [Common 17-349] Got license for feature 'Implementation' and/or device 'xc7a100t'


Starting Routing Task
INFO: [Route 35-254] Multithreading enabled for route_design using a maximum of 2 CPUs

Phase 1 Build RT Design
Checksum: PlaceDB: c6a1edab ConstDB: 0 ShapeSum: 389981a RouteDB: b1d25f96
Post Restoration Checksum: NetGraph: 395e9172 | NumContArr: 8382c26f | Constraints: c2a8fa9d | Timing: c2a8fa9d
Phase 1 Build RT Design | Checksum: 24233491b

Time (s): cpu = 00:00:27 ; elapsed = 00:00:24 . Memory (MB): peak = 1969.000 ; gain = 111.582

Phase 2 Router Initialization

Phase 2.1 Fix Topology Constraints
Phase 2.1 Fix Topology Constraints | Checksum: 24233491b

Time (s): cpu = 00:00:27 ; elapsed = 00:00:24 . Memory (MB): peak = 1969.000 ; gain = 111.582

Phase 2.2 Pre Route Cleanup
Phase 2.2 Pre Route Cleanup | Checksum: 24233491b

Time (s): cpu = 00:00:27 ; elapsed = 00:00:24 . Memory (MB): peak = 1969.000 ; gain = 111.582
 Number of Nodes with overlaps = 0

Phase 2.3 Update Timing
Phase 2.3 Update Timing | Checksum: 27185a0a1

Time (s): cpu = 00:00:27 ; elapsed = 00:00:25 . Memory (MB): peak = 2006.336 ; gain = 148.918
INFO: [Route 35-416] Intermediate Timing Summary | WNS=6.809  | TNS=0.000  | WHS=-0.066 | THS=-0.303 |


Phase 2.4 Soft Constraint Pins - Fast Budgeting
Phase 2.4 Soft Constraint Pins - Fast Budgeting | Checksum: 2968a6e75

Time (s): cpu = 00:00:27 ; elapsed = 00:00:25 . Memory (MB): peak = 2030.422 ; gain = 173.004

Router Utilization Summary
  Global Vertical Routing Utilization    = 0 %
  Global Horizontal Routing Utilization  = 0 %
  Routable Net Status*
  *Does not include unroutable nets such as driverless and loadless.
  Run report_route_status for detailed report.
  Number of Failed Nets               = 51
    (Failed Nets is the sum of unrouted and partially routed nets)
  Number of Unrouted Nets             = 51
  Number of Partially Routed Nets     = 0
  Number of Node Overlaps             = 0

Phase 2 Router Initialization | Checksum: 2968a6e75

Time (s): cpu = 00:00:27 ; elapsed = 00:00:25 . Memory (MB): peak = 2030.422 ; gain = 173.004

Phase 3 Global Routing
Phase 3 Global Routing | Checksum: 2968a6e75

Time (s): cpu = 00:00:27 ; elapsed = 00:00:25 . Memory (MB): peak = 2030.422 ; gain = 173.004

Phase 4 Initial Routing

Phase 4.1 Initial Net Routing Pass
Phase 4.1 Initial Net Routing Pass | Checksum: 3350ba10f

Time (s): cpu = 00:00:27 ; elapsed = 00:00:25 . Memory (MB): peak = 2030.422 ; gain = 173.004
Phase 4 Initial Routing | Checksum: 3350ba10f

Time (s): cpu = 00:00:27 ; elapsed = 00:00:25 . Memory (MB): peak = 2030.422 ; gain = 173.004

Phase 5 Rip-up And Reroute

Phase 5.1 Global Iteration 0
 Number of Nodes with overlaps = 0
INFO: [Route 35-416] Intermediate Timing Summary | WNS=6.547  | TNS=0.000  | WHS=N/A    | THS=N/A    |

Phase 5.1 Global Iteration 0 | Checksum: 2de7280fa

Time (s): cpu = 00:00:27 ; elapsed = 00:00:25 . Memory (MB): peak = 2030.422 ; gain = 173.004
Phase 5 Rip-up And Reroute | Checksum: 2de7280fa

Time (s): cpu = 00:00:27 ; elapsed = 00:00:25 . Memory (MB): peak = 2030.422 ; gain = 173.004

Phase 6 Delay and Skew Optimization

Phase 6.1 Delay CleanUp

Phase 6.1.1 Update Timing
Phase 6.1.1 Update Timing | Checksum: 22b08c900

Time (s): cpu = 00:00:27 ; elapsed = 00:00:25 . Memory (MB): peak = 2030.422 ; gain = 173.004
INFO: [Route 35-416] Intermediate Timing Summary | WNS=6.337  | TNS=0.000  | WHS=N/A    | THS=N/A    |

Phase 6.1 Delay CleanUp | Checksum: 22b08c900

Time (s): cpu = 00:00:27 ; elapsed = 00:00:25 . Memory (MB): peak = 2030.422 ; gain = 173.004

Phase 6.2 Clock Skew Optimization
Phase 6.2 Clock Skew Optimization | Checksum: 22b08c900

Time (s): cpu = 00:00:27 ; elapsed = 00:00:25 . Memory (MB): peak = 2030.422 ; gain = 173.004
Phase 6 Delay and Skew Optimization | Checksum: 22b08c900

Time (s): cpu = 00:00:27 ; elapsed = 00:00:25 . Memory (MB): peak = 2030.422 ; gain = 173.004

Phase 7 Post Hold Fix

Phase 7.1 Hold Fix Iter
INFO: [Route 35-416] Intermediate Timing Summary | WNS=6.337  | TNS=0.000  | WHS=0.236  | THS=0.000  |

Phase 7.1 Hold Fix Iter | Checksum: 20e9f6f14

Time (s): cpu = 00:00:27 ; elapsed = 00:00:25 . Memory (MB): peak = 2030.422 ; gain = 173.004
Phase 7 Post Hold Fix | Checksum: 20e9f6f14

Time (s): cpu = 00:00:27 ; elapsed = 00:00:25 . Memory (MB): peak = 2030.422 ; gain = 173.004

Phase 8 Route finalize

Router Utilization Summary
  Global Vertical Routing Utilization    = 0.0119685 %
  Global Horizontal Routing Utilization  = 0.00959079 %
  Routable Net Status*
  *Does not include unroutable nets such as driverless and loadless.
  Run report_route_status for detailed report.
  Number of Failed Nets               = 0
    (Failed Nets is the sum of unrouted and partially routed nets)
  Number of Unrouted Nets             = 0
  Number of Partially Routed Nets     = 0
  Number of Node Overlaps             = 0

Phase 8 Route finalize | Checksum: 20e9f6f14

Time (s): cpu = 00:00:27 ; elapsed = 00:00:25 . Memory (MB): peak = 2030.422 ; gain = 173.004

Phase 9 Verifying routed nets

 Verification completed successfully
Phase 9 Verifying routed nets | Checksum: 20e9f6f14

Time (s): cpu = 00:00:27 ; elapsed = 00:00:25 . Memory (MB): peak = 2030.422 ; gain = 173.004

Phase 10 Depositing Routes
Phase 10 Depositing Routes | Checksum: 20988fd14

Time (s): cpu = 00:00:28 ; elapsed = 00:00:25 . Memory (MB): peak = 2030.422 ; gain = 173.004

Phase 11 Post Process Routing
Phase 11 Post Process Routing | Checksum: 20988fd14

Time (s): cpu = 00:00:28 ; elapsed = 00:00:25 . Memory (MB): peak = 2030.422 ; gain = 173.004

Phase 12 Post Router Timing
INFO: [Route 35-57] Estimated Timing Summary | WNS=6.337  | TNS=0.000  | WHS=0.236  | THS=0.000  |

INFO: [Route 35-327] The final timing numbers are based on the router estimated timing analysis. For a complete and accurate timing signoff, please run report_timing_summary.
Phase 12 Post Router Timing | Checksum: 20988fd14

Time (s): cpu = 00:00:28 ; elapsed = 00:00:25 . Memory (MB): peak = 2030.422 ; gain = 173.004
Total Elapsed time in route_design: 24.857 secs

Phase 13 Post-Route Event Processing
Phase 13 Post-Route Event Processing | Checksum: 40a8c2b9

Time (s): cpu = 00:00:28 ; elapsed = 00:00:25 . Memory (MB): peak = 2030.422 ; gain = 173.004
INFO: [Route 35-16] Router Completed Successfully
Ending Routing Task | Checksum: 40a8c2b9

Time (s): cpu = 00:00:28 ; elapsed = 00:00:25 . Memory (MB): peak = 2030.422 ; gain = 173.004

Routing Is Done.
INFO: [Common 17-83] Releasing license: Implementation
86 Infos, 32 Warnings, 32 Critical Warnings and 0 Errors encountered.
route_design completed successfully
route_design: Time (s): cpu = 00:00:28 ; elapsed = 00:00:25 . Memory (MB): peak = 2030.422 ; gain = 173.043
INFO: [Vivado 12-24828] Executing command : report_drc -file FSM_Master_drc_routed.rpt -pb FSM_Master_drc_routed.pb -rpx FSM_Master_drc_routed.rpx
Command: report_drc -file FSM_Master_drc_routed.rpt -pb FSM_Master_drc_routed.pb -rpx FSM_Master_drc_routed.rpx
INFO: [IP_Flow 19-1839] IP Catalog is up to date.
INFO: [DRC 23-27] Running DRC with 2 threads
INFO: [Vivado_Tcl 2-168] The results of DRC are in file E:/uni/SED/trabajo/Trabajo-VHDL/RGB_PWM_Ctrol/RGB_PWM_Ctrol.runs/impl_1/FSM_Master_drc_routed.rpt.
report_drc completed successfully
INFO: [Vivado 12-24828] Executing command : report_methodology -file FSM_Master_methodology_drc_routed.rpt -pb FSM_Master_methodology_drc_routed.pb -rpx FSM_Master_methodology_drc_routed.rpx
Command: report_methodology -file FSM_Master_methodology_drc_routed.rpt -pb FSM_Master_methodology_drc_routed.pb -rpx FSM_Master_methodology_drc_routed.rpx
INFO: [Timing 38-35] Done setting XDC timing constraints.
INFO: [DRC 23-133] Running Methodology with 2 threads
INFO: [Vivado_Tcl 2-1520] The results of Report Methodology are in file E:/uni/SED/trabajo/Trabajo-VHDL/RGB_PWM_Ctrol/RGB_PWM_Ctrol.runs/impl_1/FSM_Master_methodology_drc_routed.rpt.
report_methodology completed successfully
INFO: [Vivado 12-24828] Executing command : report_timing_summary -max_paths 10 -routable_nets -report_unconstrained -file FSM_Master_timing_summary_routed.rpt -pb FSM_Master_timing_summary_routed.pb -rpx FSM_Master_timing_summary_routed.rpx -warn_on_violation 
INFO: [Timing 38-35] Done setting XDC timing constraints.
INFO: [Timing 38-91] UpdateTimingParams: Speed grade: -1, Delay Type: min_max.
INFO: [Timing 38-191] Multithreading enabled for timing update using a maximum of 2 CPUs
INFO: [Vivado 12-24838] Running report commands "report_incremental_reuse, report_route_status" in parallel.
Running report generation with 2 threads.
INFO: [Vivado 12-24828] Executing command : report_incremental_reuse -file FSM_Master_incremental_reuse_routed.rpt
INFO: [Vivado_Tcl 4-1062] Incremental flow is disabled. No incremental reuse Info to report.
INFO: [Vivado 12-24828] Executing command : report_route_status -file FSM_Master_route_status.rpt -pb FSM_Master_route_status.pb
INFO: [Vivado 12-24828] Executing command : report_power -file FSM_Master_power_routed.rpt -pb FSM_Master_power_summary_routed.pb -rpx FSM_Master_power_routed.rpx
Command: report_power -file FSM_Master_power_routed.rpt -pb FSM_Master_power_summary_routed.pb -rpx FSM_Master_power_routed.rpx
Running Vector-less Activity Propagation...

Finished Running Vector-less Activity Propagation
103 Infos, 32 Warnings, 32 Critical Warnings and 0 Errors encountered.
report_power completed successfully
INFO: [Vivado 12-24828] Executing command : report_clock_utilization -file FSM_Master_clock_utilization_routed.rpt
INFO: [Vivado 12-24828] Executing command : report_bus_skew -warn_on_violation -file FSM_Master_bus_skew_routed.rpt -pb FSM_Master_bus_skew_routed.pb -rpx FSM_Master_bus_skew_routed.rpx
INFO: [Timing 38-91] UpdateTimingParams: Speed grade: -1, Delay Type: min_max.
INFO: [Timing 38-191] Multithreading enabled for timing update using a maximum of 2 CPUs
Write ShapeDB Complete: Time (s): cpu = 00:00:00 ; elapsed = 00:00:00.002 . Memory (MB): peak = 2056.215 ; gain = 0.000
INFO: [Timing 38-480] Writing timing data to binary archive.
Wrote PlaceDB: Time (s): cpu = 00:00:00 ; elapsed = 00:00:00.005 . Memory (MB): peak = 2056.215 ; gain = 0.000
Wrote PulsedLatchDB: Time (s): cpu = 00:00:00 ; elapsed = 00:00:00 . Memory (MB): peak = 2056.215 ; gain = 0.000
Writing XDEF routing.
Writing XDEF routing logical nets.
Writing XDEF routing special nets.
Wrote RouteStorage: Time (s): cpu = 00:00:00 ; elapsed = 00:00:00.016 . Memory (MB): peak = 2056.215 ; gain = 0.000
Wrote Netlist Cache: Time (s): cpu = 00:00:00 ; elapsed = 00:00:00.001 . Memory (MB): peak = 2056.215 ; gain = 0.000
Wrote Device Cache: Time (s): cpu = 00:00:00 ; elapsed = 00:00:00.015 . Memory (MB): peak = 2056.215 ; gain = 0.000
Write Physdb Complete: Time (s): cpu = 00:00:00 ; elapsed = 00:00:00.076 . Memory (MB): peak = 2056.215 ; gain = 0.000
INFO: [Common 17-1381] The checkpoint 'E:/uni/SED/trabajo/Trabajo-VHDL/RGB_PWM_Ctrol/RGB_PWM_Ctrol.runs/impl_1/FSM_Master_routed.dcp' has been generated.
INFO: [Common 17-206] Exiting Vivado at Tue Dec 16 17:51:53 2025...
