Copyright 1986-2022 Xilinx, Inc. All Rights Reserved. Copyright 2022-2025 Advanced Micro Devices, Inc. All Rights Reserved.
---------------------------------------------------------------------------------------------------------------------------------------------
| Tool Version : Vivado v.2025.1 (win64) Build 6140274 Thu May 22 00:12:29 MDT 2025
| Date         : Fri Jan 23 12:24:02 2026
| Host         : DESKTOP-H3I785D running 64-bit major release  (build 9200)
| Command      : report_control_sets -verbose -file top_control_sets_placed.rpt
| Design       : top
| Device       : xc7a100t
---------------------------------------------------------------------------------------------------------------------------------------------

Control Set Information

Table of Contents
-----------------
1. Summary
2. Histogram
3. Flip-Flop Distribution
4. Detailed Control Set Information

1. Summary
----------

+----------------------------------------------------------+-------+
|                          Status                          | Count |
+----------------------------------------------------------+-------+
| Total control sets                                       |     7 |
|    Minimum number of control sets                        |     7 |
|    Addition due to synthesis replication                 |     0 |
|    Addition due to physical synthesis replication        |     0 |
| Unused register locations in slices containing registers |    12 |
+----------------------------------------------------------+-------+
* Control sets can be merged at opt_design using control_set_merge or merge_equivalent_drivers
** Run report_qor_suggestions for automated merging and remapping suggestions


2. Histogram
------------

+--------------------+-------+
|       Fanout       | Count |
+--------------------+-------+
| Total control sets |     7 |
| >= 0 to < 4        |     0 |
| >= 4 to < 6        |     1 |
| >= 6 to < 8        |     0 |
| >= 8 to < 10       |     3 |
| >= 10 to < 12      |     0 |
| >= 12 to < 14      |     0 |
| >= 14 to < 16      |     0 |
| >= 16              |     3 |
+--------------------+-------+
* Control sets can be remapped at either synth_design or opt_design


3. Flip-Flop Distribution
-------------------------

+--------------+-----------------------+------------------------+-----------------+--------------+
| Clock Enable | Synchronous Set/Reset | Asynchronous Set/Reset | Total Registers | Total Slices |
+--------------+-----------------------+------------------------+-----------------+--------------+
| No           | No                    | No                     |              41 |           14 |
| No           | No                    | Yes                    |              11 |            4 |
| No           | Yes                   | No                     |               5 |            5 |
| Yes          | No                    | No                     |               0 |            0 |
| Yes          | No                    | Yes                    |              51 |           15 |
| Yes          | Yes                   | No                     |               0 |            0 |
+--------------+-----------------------+------------------------+-----------------+--------------+


4. Detailed Control Set Information
-----------------------------------

+----------------+----------------------------------------------------------+------------------+------------------+----------------+--------------+
|  Clock Signal  |                       Enable Signal                      | Set/Reset Signal | Slice Load Count | Bel Load Count | Bels / Slice |
+----------------+----------------------------------------------------------+------------------+------------------+----------------+--------------+
|  CLK_IBUF_BUFG | Inst_RGB/Inst_Master/FSM_onehot_current_state[3]_i_1_n_0 | RESET_IBUF       |                1 |              4 |         4.00 |
|  CLK_IBUF_BUFG | Inst_RGB/Inst_Master/g_reg                               | RESET_IBUF       |                3 |              8 |         2.67 |
|  CLK_IBUF_BUFG | Inst_RGB/Inst_Master/b_reg                               | RESET_IBUF       |                3 |              8 |         2.67 |
|  CLK_IBUF_BUFG | Inst_RGB/Inst_Master/r_reg                               | RESET_IBUF       |                3 |              8 |         2.67 |
|  CLK_IBUF_BUFG |                                                          | RESET_IBUF       |                9 |             16 |         1.78 |
|  CLK_IBUF_BUFG | Inst_RGB/Inst_FSM_Slave/counter_reg[22]_i_1_n_0          | RESET_IBUF       |                5 |             23 |         4.60 |
|  CLK_IBUF_BUFG |                                                          |                  |               14 |             41 |         2.93 |
+----------------+----------------------------------------------------------+------------------+------------------+----------------+--------------+


